Component: ARM Compiler 5.06 update 3 (build 300) Tool: armlink [4d35c9]

==============================================================================

Section Cross References

    data_process.o(i.Color_Value_Get) refers to data_process.o(i.__ARM_common_switch8) for __ARM_common_switch8
    data_process.o(i.Color_Value_Get) refers to aeabi_sdiv.o(.text) for __aeabi_uidivmod
    data_process.o(i.Color_Value_Get) refers to display_ctrl.o(.data) for DisplayData
    data_process.o(i.Color_Value_Get) refers to display_ctrl.o(.bss) for ColorData
    data_process.o(i.Color_Value_Get) refers to display_ctrl.o(.data) for ColorNum
    data_process.o(i.Color_Value_Get) refers to data_process.o(.constdata) for .constdata
    data_process.o(i.Data_Process) refers to data_process.o(i.Key_Process) for Key_Process
    data_process.o(i.Data_Process) refers to data_process.o(i.USART_Process) for USART_Process
    data_process.o(i.Data_Process) refers to timer_ctrl.o(.data) for TimerData
    data_process.o(i.Data_Process) refers to display_ctrl.o(.data) for DisplayData
    data_process.o(i.Key_Process) refers to data_process.o(i.Color_Value_Get) for Color_Value_Get
    data_process.o(i.Key_Process) refers to key.o(.data) for KeyStatus
    data_process.o(i.Key_Process) refers to display_ctrl.o(.data) for DisplayData
    data_process.o(i.Key_Process) refers to flash_prgrm.o(.data) for FlashSaveFlag
    data_process.o(i.USART_Process) refers to data_process.o(i.__ARM_common_switch8) for __ARM_common_switch8
    data_process.o(i.USART_Process) refers to data_process.o(i.Color_Value_Get) for Color_Value_Get
    data_process.o(i.USART_Process) refers to rand.o(.text) for srand
    data_process.o(i.USART_Process) refers to rand.o(.emb_text) for rand
    data_process.o(i.USART_Process) refers to aeabi_sdiv.o(.text) for __aeabi_uidivmod
    data_process.o(i.USART_Process) refers to usart.o(.data) for RcvFlag
    data_process.o(i.USART_Process) refers to usart.o(.bss) for USART_Buffer
    data_process.o(i.USART_Process) refers to flash_prgrm.o(.data) for FlashSaveFlag
    data_process.o(i.USART_Process) refers to display_ctrl.o(.data) for DisplayData
    data_process.o(i.USART_Process) refers to data_process.o(.data) for .data
    data_process.o(i.USART_Process) refers to timer_ctrl.o(.data) for TimerData
    data_process.o(i.User_Data_Init) refers to flash_prgrm.o(i.Flash_Read_Data) for Flash_Read_Data
    data_process.o(i.User_Data_Init) refers to data_process.o(i.Color_Value_Get) for Color_Value_Get
    data_process.o(i.User_Data_Init) refers to data_process.o(.data) for .data
    data_process.o(i.User_Data_Init) refers to display_ctrl.o(.data) for DisplayData
    data_process.o(i.User_Data_Init) refers to flash_prgrm.o(.data) for FlashSaveFlag
    data_process.o(i.User_Data_Init) refers to timer_ctrl.o(.data) for TimerData
    display_ctrl.o(i.Led_Display) refers to data_process.o(i.__ARM_common_switch8) for __ARM_common_switch8
    display_ctrl.o(i.Led_Display) refers to normal_display.o(i.All_Off) for All_Off
    display_ctrl.o(i.Led_Display) refers to normal_display.o(i.Steady) for Steady
    display_ctrl.o(i.Led_Display) refers to normal_display.o(i.Blink) for Blink
    display_ctrl.o(i.Led_Display) refers to normal_display.o(i.Sparkle) for Sparkle
    display_ctrl.o(i.Led_Display) refers to normal_display.o(i.Instead) for Instead
    display_ctrl.o(i.Led_Display) refers to normal_display.o(i.Sea_Wave) for Sea_Wave
    display_ctrl.o(i.Led_Display) refers to normal_display.o(i.Roll) for Roll
    display_ctrl.o(i.Led_Display) refers to normal_display.o(i.Ripple) for Ripple
    display_ctrl.o(i.Led_Display) refers to normal_display.o(i.Flower_Bloom) for Flower_Bloom
    display_ctrl.o(i.Led_Display) refers to normal_display.o(i.Polar_Light) for Polar_Light
    display_ctrl.o(i.Led_Display) refers to normal_display.o(i.Color_Show) for Color_Show
    display_ctrl.o(i.Led_Display) refers to show_1.o(i.Show_1) for Show_1
    display_ctrl.o(i.Led_Display) refers to show_2.o(i.Show_2) for Show_2
    display_ctrl.o(i.Led_Display) refers to show_3.o(i.Show_3) for Show_3
    display_ctrl.o(i.Led_Display) refers to normal_display.o(i.Blue_Flash) for Blue_Flash
    display_ctrl.o(i.Led_Display) refers to normal_display.o(i.Green_Flash) for Green_Flash
    display_ctrl.o(i.Led_Display) refers to normal_display.o(i.Red_Flash) for Red_Flash
    display_ctrl.o(i.Led_Display) refers to display_ctrl.o(.data) for .data
    flash_prgrm.o(i.Flash_Read_Data) refers to flash_prgrm.o(i.SYS_UnlockReg) for SYS_UnlockReg
    flash_prgrm.o(i.Flash_Read_Data) refers to fmc.o(i.FMC_Open) for FMC_Open
    flash_prgrm.o(i.Flash_Read_Data) refers to fmc.o(i.FMC_Read) for FMC_Read
    flash_prgrm.o(i.Flash_Read_Data) refers to display_ctrl.o(.data) for DisplayData
    flash_prgrm.o(i.Flash_Read_Data) refers to timer_ctrl.o(.data) for TimerData
    flash_prgrm.o(i.Flash_Read_Data) refers to data_process.o(.data) for NormalModePre
[...]
    defsig_rtmem_inner.o(.text) refers to defsig_general.o(.text) for __default_signal_display
    defsig.o(CL$$defsig) refers to defsig_fpe_inner.o(.text) for __rt_SIGFPE_inner
    defsig.o(CL$$defsig) refers to defsig_rtmem_inner.o(.text) for __rt_SIGRTMEM_inner
    libshutdown.o(.ARM.Collect$$libshutdown$$00000000) refers (Special) to libshutdown2.o(.ARM.Collect$$libshutdown$$00000002) for __rt_lib_shutdown_cpp_1
    libshutdown.o(.ARM.Collect$$libshutdown$$00000000) refers (Special) to libshutdown2.o(.ARM.Collect$$libshutdown$$00000007) for __rt_lib_shutdown_fp_trap_1
    libshutdown.o(.ARM.Collect$$libshutdown$$00000000) refers (Special) to libshutdown2.o(.ARM.Collect$$libshutdown$$0000000F) for __rt_lib_shutdown_heap_1
    libshutdown.o(.ARM.Collect$$libshutdown$$00000000) refers (Special) to libshutdown2.o(.ARM.Collect$$libshutdown$$00000010) for __rt_lib_shutdown_return
    libshutdown.o(.ARM.Collect$$libshutdown$$00000000) refers (Special) to libshutdown2.o(.ARM.Collect$$libshutdown$$0000000A) for __rt_lib_shutdown_signal_1
    libshutdown.o(.ARM.Collect$$libshutdown$$00000000) refers (Special) to libshutdown2.o(.ARM.Collect$$libshutdown$$00000004) for __rt_lib_shutdown_stdio_1
    libshutdown.o(.ARM.Collect$$libshutdown$$00000000) refers (Special) to libshutdown2.o(.ARM.Collect$$libshutdown$$0000000C) for __rt_lib_shutdown_user_alloc_1
    defsig_abrt_inner.o(.text) refers to defsig_general.o(.text) for __default_signal_display
    defsig_rtred_inner.o(.text) refers to defsig_general.o(.text) for __default_signal_display
    defsig_stak_inner.o(.text) refers to defsig_general.o(.text) for __default_signal_display
    defsig_pvfn_inner.o(.text) refers to defsig_general.o(.text) for __default_signal_display
    defsig_cppl_inner.o(.text) refers to defsig_general.o(.text) for __default_signal_display
    defsig_segv_inner.o(.text) refers to defsig_general.o(.text) for __default_signal_display
    defsig_other.o(.text) refers to defsig_general.o(.text) for __default_signal_display


==============================================================================

Removing Unused input sections from the image.

    Removing data_process.o(.rev16_text), (4 bytes).
    Removing data_process.o(.revsh_text), (4 bytes).
    Removing display_ctrl.o(.rev16_text), (4 bytes).
    Removing display_ctrl.o(.revsh_text), (4 bytes).
    Removing display_ctrl.o(.data), (1 bytes).
    Removing display_ctrl.o(.data), (1 bytes).
    Removing display_ctrl.o(.data), (1 bytes).
    Removing display_ctrl.o(.data), (1 bytes).
    Removing flash_prgrm.o(.rev16_text), (4 bytes).
    Removing flash_prgrm.o(.revsh_text), (4 bytes).
    Removing key.o(.rev16_text), (4 bytes).
    Removing key.o(.revsh_text), (4 bytes).
    Removing led_class.o(.rev16_text), (4 bytes).
    Removing led_class.o(.revsh_text), (4 bytes).
    Removing mcu_config.o(.rev16_text), (4 bytes).
    Removing mcu_config.o(.revsh_text), (4 bytes).
    Removing normal_display.o(.rev16_text), (4 bytes).
    Removing normal_display.o(.revsh_text), (4 bytes).
    Removing normal_display.o(i.Direct_Set), (164 bytes).
    Removing show_1.o(.rev16_text), (4 bytes).
    Removing show_1.o(.revsh_text), (4 bytes).
    Removing show_2.o(.rev16_text), (4 bytes).
    Removing show_2.o(.revsh_text), (4 bytes).
    Removing show_3.o(.rev16_text), (4 bytes).
    Removing show_3.o(.revsh_text), (4 bytes).
    Removing timer_ctrl.o(.rev16_text), (4 bytes).
    Removing timer_ctrl.o(.revsh_text), (4 bytes).
    Removing usart.o(.rev16_text), (4 bytes).
    Removing usart.o(.revsh_text), (4 bytes).
    Removing wifistring.o(.rev16_text), (4 bytes).
    Removing wifistring.o(.revsh_text), (4 bytes).
    Removing clk.o(.rev16_text), (4 bytes).
    Removing clk.o(.revsh_text), (4 bytes).
    Removing clk.o(i.CLK_DisableCKO), (16 bytes).
    Removing clk.o(i.CLK_DisableModuleClock), (28 bytes).
    Removing clk.o(i.CLK_DisableSysTick), (12 bytes).
    Removing clk.o(i.CLK_DisableXtalRC), (16 bytes).
    Removing clk.o(i.CLK_EnableCKO), (36 bytes).
    Removing clk.o(i.CLK_EnableModuleClock), (28 bytes).
    Removing clk.o(i.CLK_EnableSysTick), (64 bytes).
    Removing clk.o(i.CLK_GetCPUFreq), (16 bytes).
    Removing clk.o(i.CLK_GetHCLKFreq), (16 bytes).
    Removing clk.o(i.CLK_GetHXTFreq), (28 bytes).
    Removing clk.o(i.CLK_GetLXTFreq), (28 bytes).
    Removing clk.o(i.CLK_Idle), (20 bytes).
    Removing clk.o(i.CLK_PowerDown), (28 bytes).
    Removing clk.o(i.CLK_SetModuleClock), (80 bytes).
    Removing clk.o(i.CLK_SetSysTickClockSrc), (20 bytes).
    Removing clk.o(i.CLK_SysTickDelay), (36 bytes).
    Removing fmc.o(.rev16_text), (4 bytes).
    Removing fmc.o(.revsh_text), (4 bytes).
    Removing fmc.o(i.FMC_Close), (16 bytes).
    Removing fmc.o(i.FMC_GetBootSource), (20 bytes).
    Removing fmc.o(i.FMC_GetCRC32Sum), (80 bytes).
    Removing fmc.o(i.FMC_GetVectorPageAddr), (20 bytes).
    Removing fmc.o(i.FMC_ReadCID), (28 bytes).
    Removing fmc.o(i.FMC_ReadConfig), (40 bytes).
    Removing fmc.o(i.FMC_ReadDataFlashBaseAddr), (12 bytes).
    Removing fmc.o(i.FMC_ReadPID), (28 bytes).
    Removing fmc.o(i.FMC_ReadUCID), (32 bytes).
    Removing fmc.o(i.FMC_ReadUID), (28 bytes).
    Removing fmc.o(i.FMC_SetVectorPageAddr), (24 bytes).
    Removing fmc.o(i.FMC_WriteConfig), (64 bytes).
    Removing gpio.o(.rev16_text), (4 bytes).
    Removing gpio.o(.revsh_text), (4 bytes).
    Removing gpio.o(i.GPIO_DisableInt), (28 bytes).
    Removing gpio.o(i.GPIO_EnableInt), (26 bytes).
    Removing sys.o(.rev16_text), (4 bytes).
    Removing sys.o(.revsh_text), (4 bytes).
    Removing sys.o(i.SYS_ClearResetSrc), (12 bytes).
    Removing sys.o(i.SYS_DisableBOD), (22 bytes).
    Removing sys.o(i.SYS_EnableBOD), (36 bytes).
    Removing sys.o(i.SYS_GetBODStatus), (12 bytes).
    Removing sys.o(i.SYS_GetResetSrc), (8 bytes).
    Removing sys.o(i.SYS_IsRegLocked), (24 bytes).
    Removing sys.o(i.SYS_ReadPDID), (8 bytes).
    Removing sys.o(i.SYS_ResetCPU), (14 bytes).
    Removing sys.o(i.SYS_ResetChip), (14 bytes).
    Removing sys.o(i.SYS_ResetModule), (28 bytes).
    Removing timer.o(.rev16_text), (4 bytes).
    Removing timer.o(.revsh_text), (4 bytes).
    Removing timer.o(i.TIMER_Close), (8 bytes).
    Removing timer.o(i.TIMER_Delay), (168 bytes).
    Removing timer.o(i.TIMER_DisableCapture), (10 bytes).
    Removing timer.o(i.TIMER_DisableEventCounter), (12 bytes).
    Removing timer.o(i.TIMER_EnableCapture), (22 bytes).
    Removing timer.o(i.TIMER_EnableEventCounter), (22 bytes).
    Removing uart.o(.rev16_text), (4 bytes).
    Removing uart.o(.revsh_text), (4 bytes).
    Removing uart.o(i.UART_ClearIntFlag), (44 bytes).
    Removing uart.o(i.UART_Close), (6 bytes).
    Removing uart.o(i.UART_DisableFlowCtrl), (12 bytes).
    Removing uart.o(i.UART_DisableInt), (8 bytes).
    Removing uart.o(i.UART_EnableFlowCtrl), (38 bytes).
    Removing uart.o(i.UART_EnableInt), (8 bytes).
    Removing uart.o(i.UART_Read), (44 bytes).
    Removing uart.o(i.UART_SelectIrDAMode), (120 bytes).
    Removing uart.o(i.UART_SelectRS485Mode), (20 bytes).
    Removing uart.o(i.UART_SetLine_Config), (136 bytes).
    Removing uart.o(i.UART_Write), (44 bytes).
    Removing wdt.o(.rev16_text), (4 bytes).
    Removing wdt.o(.revsh_text), (4 bytes).
    Removing wdt.o(i.WDT_Close), (12 bytes).
    Removing wdt.o(i.WDT_DisableInt), (16 bytes).
    Removing wdt.o(i.WDT_EnableInt), (20 bytes).
    Removing wdt.o(i.WDT_Open), (24 bytes).
    Removing retarget.o(.rev16_text), (4 bytes).
    Removing retarget.o(.revsh_text), (4 bytes).
    Removing retarget.o(i.GetChar), (20 bytes).
    Removing retarget.o(i.IsDebugFifoEmpty), (16 bytes).
    Removing retarget.o(i.SendChar), (8 bytes).
    Removing retarget.o(i._ttywrch), (8 bytes).
    Removing retarget.o(i.fgetc), (8 bytes).
    Removing retarget.o(i.kbhit), (16 bytes).
    Removing retarget.o(.data), (4 bytes).
    Removing system_mini58series.o(.rev16_text), (4 bytes).
    Removing system_mini58series.o(.revsh_text), (4 bytes).
    Removing system_mini58series.o(i.SystemInit), (2 bytes).

118 unused section(s) (total 2316 bytes) removed from the image.

==============================================================================

Image Symbol Table

    Local Symbols

    Symbol Name                              Value     Ov Type        Size  Object(Section)

    RESET                                    0x00000000   Section      192  startup_mini58series.o(RESET)
    ../clib/angel/boardlib.s                 0x00000000   Number         0  boardinit3.o ABSOLUTE
    ../clib/angel/boardlib.s                 0x00000000   Number         0  boardinit2.o ABSOLUTE
    ../clib/angel/boardlib.s                 0x00000000   Number         0  boardinit1.o ABSOLUTE
    ../clib/angel/boardlib.s                 0x00000000   Number         0  boardshut.o ABSOLUTE
    ../clib/angel/handlers.s                 0x00000000   Number         0  __scatter_zi.o ABSOLUTE
    ../clib/angel/handlers.s                 0x00000000   Number         0  __scatter_copy.o ABSOLUTE
    ../clib/angel/kernel.s                   0x00000000   Number         0  __rtentry.o ABSOLUTE
    ../clib/angel/kernel.s                   0x00000000   Number         0  __rtentry2.o ABSOLUTE
    ../clib/angel/kernel.s                   0x00000000   Number         0  rtexit.o ABSOLUTE
    ../clib/angel/kernel.s                   0x00000000   Number         0  rtexit2.o ABSOLUTE
    ../clib/angel/kernel.s                   0x00000000   Number         0  __rtentry4.o ABSOLUTE
    ../clib/angel/rt.s                       0x00000000   Number         0  rt_raise.o ABSOLUTE
    ../clib/angel/rt.s                       0x00000000   Number         0  aeabi_idiv0.o ABSOLUTE
    ../clib/angel/rt.s                       0x00000000   Number         0  aeabi_idiv0_sigfpe.o ABSOLUTE
    ../clib/angel/rt.s                       0x00000000   Number         0  rt_div0.o ABSOLUTE
    ../clib/angel/scatterp.s                 0x00000000   Number         0  __scatter.o ABSOLUTE
    ../clib/angel/startup.s                  0x00000000   Number         0  __main.o ABSOLUTE
    ../clib/angel/sys.s                      0x00000000   Number         0  sys_stackheap_outer.o ABSOLUTE
    ../clib/angel/sys.s                      0x00000000   Number         0  tempstk.o ABSOLUTE
    ../clib/angel/sys.s                      0x00000000   Number         0  libspace.o ABSOLUTE
    ../clib/angel/sys.s                      0x00000000   Number         0  indicate_semi.o ABSOLUTE
    ../clib/angel/sys.s                      0x00000000   Number         0  use_no_semi.o ABSOLUTE
    ../clib/angel/sysapp.c                   0x00000000   Number         0  sys_command.o ABSOLUTE
    ../clib/angel/sysapp.c                   0x00000000   Number         0  sys_exit.o ABSOLUTE
    ../clib/armsys.c                         0x00000000   Number         0  argv_veneer.o ABSOLUTE
    ../clib/armsys.c                         0x00000000   Number         0  _get_argv_nomalloc.o ABSOLUTE
    ../clib/armsys.c                         0x00000000   Number         0  no_argv.o ABSOLUTE
    ../clib/division.s                       0x00000000   Number         0  aeabi_sdiv.o ABSOLUTE
    ../clib/division.s                       0x00000000   Number         0  aeabi_sdiv_div0.o ABSOLUTE
    ../clib/heapalloc.c                      0x00000000   Number         0  hrguard.o ABSOLUTE
    ../clib/heapaux.c                        0x00000000   Number         0  heapauxi.o ABSOLUTE
    ../clib/libinit.s                        0x00000000   Number         0  libshutdown.o ABSOLUTE
    ../clib/libinit.s                        0x00000000   Number         0  libinit2.o ABSOLUTE
    ../clib/libinit.s                        0x00000000   Number         0  libshutdown2.o ABSOLUTE
    ../clib/libinit.s                        0x00000000   Number         0  libinit.o ABSOLUTE
    ../clib/misc.s                           0x00000000   Number         0  printf_stubs.o ABSOLUTE
    ../clib/printf.c                         0x00000000   Number         0  _printf_hex_int.o ABSOLUTE
    ../clib/printf.c                         0x00000000   Number         0  _printf_hex_ll.o ABSOLUTE
    ../clib/printf.c                         0x00000000   Number         0  __printf.o ABSOLUTE
    ../clib/printf.c                         0x00000000   Number         0  noretval__2printf.o ABSOLUTE
    ../clib/printf.c                         0x00000000   Number         0  __2printf.o ABSOLUTE
    ../clib/printf.c                         0x00000000   Number         0  _printf_char_file.o ABSOLUTE
    ../clib/printf.c                         0x00000000   Number         0  _printf_intcommon.o ABSOLUTE
    ../clib/printf.c                         0x00000000   Number         0  __printf_flags_wp.o ABSOLUTE
    ../clib/printf.c                         0x00000000   Number         0  __printf_flags_ss_wp.o ABSOLUTE
    ../clib/printf.c                         0x00000000   Number         0  __printf_ss_wp.o ABSOLUTE
    ../clib/printf.c                         0x00000000   Number         0  __printf_wp.o ABSOLUTE
    ../clib/printf.c                         0x00000000   Number         0  __printf_flags_ss.o ABSOLUTE
    ../clib/printf.c                         0x00000000   Number         0  __printf_ss.o ABSOLUTE
    ../clib/printf.c                         0x00000000   Number         0  __printf_nopercent.o ABSOLUTE
    ../clib/printf.c                         0x00000000   Number         0  __printf_flags.o ABSOLUTE
    ../clib/printf.c                         0x00000000   Number         0  _printf_hex_int_ll_ptr.o ABSOLUTE
    ../clib/printf.c                         0x00000000   Number         0  _printf_hex_ll_ptr.o ABSOLUTE
    ../clib/printf.c                         0x00000000   Number         0  _printf_hex_int_ptr.o ABSOLUTE
    ../clib/printf.c                         0x00000000   Number         0  _printf_char_common.o ABSOLUTE
    ../clib/printf.c                         0x00000000   Number         0  _printf_hex_ptr.o ABSOLUTE
    ../clib/printf.c                         0x00000000   Number         0  _printf_hex_int_ll.o ABSOLUTE
    ../clib/printf_percent.s                 0x00000000   Number         0  _printf_percent.o ABSOLUTE
    ../clib/printf_percent.s                 0x00000000   Number         0  _printf_x.o ABSOLUTE
    ../clib/printf_percent.s                 0x00000000   Number         0  _printf_percent_end.o ABSOLUTE
    ../clib/signal.c                         0x00000000   Number         0  defsig_rtmem_outer.o ABSOLUTE
    ../clib/signal.c                         0x00000000   Number         0  defsig_fpe_inner.o ABSOLUTE
    ../clib/signal.c                         0x00000000   Number         0  defsig_exit.o ABSOLUTE
    ../clib/signal.c                         0x00000000   Number         0  defsig_cppl_inner.o ABSOLUTE
    ../clib/signal.c                         0x00000000   Number         0  defsig_pvfn_inner.o ABSOLUTE
    ../clib/signal.c                         0x00000000   Number         0  defsig_rtred_inner.o ABSOLUTE
    ../clib/signal.c                         0x00000000   Number         0  defsig_fpe_formal.o ABSOLUTE
    ../clib/signal.c                         0x00000000   Number         0  defsig_fpe_outer.o ABSOLUTE
    ../clib/signal.c                         0x00000000   Number         0  defsig_abrt_inner.o ABSOLUTE
    ../clib/signal.c                         0x00000000   Number         0  defsig_general.o ABSOLUTE
    ../clib/signal.c                         0x00000000   Number         0  __raise.o ABSOLUTE
    ../clib/signal.c                         0x00000000   Number         0  defsig_rtmem_inner.o ABSOLUTE
    ../clib/signal.c                         0x00000000   Number         0  defsig_stak_inner.o ABSOLUTE
    ../clib/signal.c                         0x00000000   Number         0  defsig_other.o ABSOLUTE
    ../clib/signal.c                         0x00000000   Number         0  defsig_rtmem_formal.o ABSOLUTE
    ../clib/signal.c                         0x00000000   Number         0  defsig_segv_inner.o ABSOLUTE
    ../clib/signal.s                         0x00000000   Number         0  defsig.o ABSOLUTE
    ../clib/stdlib.c                         0x00000000   Number         0  exit.o ABSOLUTE
    ../clib/stdlib.c                         0x00000000   Number         0  rand.o ABSOLUTE
    ../clib/stdlib.c                         0x00000000   Number         0  rand.o ABSOLUTE
    ../fplib/cfplib/fdiv.c                   0x00000000   Number         0  fdiv.o ABSOLUTE
    ../fplib/cfplib/ffix.c                   0x00000000   Number         0  ffixui.o ABSOLUTE
    ../fplib/cfplib/fflt.c                   0x00000000   Number         0  fflti.o ABSOLUTE
    ../fplib/cfplib/fpinit.c                 0x00000000   Number         0  fpinit.o ABSOLUTE
    ../fplib/fmul6m.s                        0x00000000   Number         0  fmul.o ABSOLUTE
    ../fplib/usenofp.s                       0x00000000   Number         0  usenofp.o ABSOLUTE
    C:\Keil\ARM\PACK\Nuvoton\NuMicro_DFP\1.1.0\Device\Mini58\Driver\clk.c 0x00000000   Number         0  clk.o ABSOLUTE
    C:\Keil\ARM\PACK\Nuvoton\NuMicro_DFP\1.1.0\Device\Mini58\Driver\fmc.c 0x00000000   Number         0  fmc.o ABSOLUTE
    C:\Keil\ARM\PACK\Nuvoton\NuMicro_DFP\1.1.0\Device\Mini58\Driver\gpio.c 0x00000000   Number         0  gpio.o ABSOLUTE
    C:\Keil\ARM\PACK\Nuvoton\NuMicro_DFP\1.1.0\Device\Mini58\Driver\sys.c 0x00000000   Number         0  sys.o ABSOLUTE
    C:\Keil\ARM\PACK\Nuvoton\NuMicro_DFP\1.1.0\Device\Mini58\Driver\timer.c 0x00000000   Number         0  timer.o ABSOLUTE
    C:\Keil\ARM\PACK\Nuvoton\NuMicro_DFP\1.1.0\Device\Mini58\Driver\uart.c 0x00000000   Number         0  uart.o ABSOLUTE
    C:\Keil\ARM\PACK\Nuvoton\NuMicro_DFP\1.1.0\Device\Mini58\Driver\wdt.c 0x00000000   Number         0  wdt.o ABSOLUTE
    C:\\Keil\\ARM\\PACK\\Nuvoton\\NuMicro_DFP\\1.1.0\\Device\\Mini58\\Driver\\clk.c 0x00000000   Number         0  clk.o ABSOLUTE
    C:\\Keil\\ARM\\PACK\\Nuvoton\\NuMicro_DFP\\1.1.0\\Device\\Mini58\\Driver\\fmc.c 0x00000000   Number         0  fmc.o ABSOLUTE
    C:\\Keil\\ARM\\PACK\\Nuvoton\\NuMicro_DFP\\1.1.0\\Device\\Mini58\\Driver\\gpio.c 0x00000000   Number         0  gpio.o ABSOLUTE
    C:\\Keil\\ARM\\PACK\\Nuvoton\\NuMicro_DFP\\1.1.0\\Device\\Mini58\\Driver\\sys.c 0x00000000   Number         0  sys.o ABSOLUTE
    C:\\Keil\\ARM\\PACK\\Nuvoton\\NuMicro_DFP\\1.1.0\\Device\\Mini58\\Driver\\timer.c 0x00000000   Number         0  timer.o ABSOLUTE
    C:\\Keil\\ARM\\PACK\\Nuvoton\\NuMicro_DFP\\1.1.0\\Device\\Mini58\\Driver\\uart.c 0x00000000   Number         0  uart.o ABSOLUTE
    C:\\Keil\\ARM\\PACK\\Nuvoton\\NuMicro_DFP\\1.1.0\\Device\\Mini58\\Driver\\wdt.c 0x00000000   Number         0  wdt.o ABSOLUTE
    RTE\Device\Mini58FDE\retarget.c          0x00000000   Number         0  retarget.o ABSOLUTE
    RTE\Device\Mini58FDE\startup_Mini58Series.s 0x00000000   Number         0  startup_mini58series.o ABSOLUTE
    RTE\Device\Mini58FDE\system_Mini58Series.c 0x00000000   Number         0  system_mini58series.o ABSOLUTE
    RTE\\Device\\Mini58FDE\\retarget.c       0x00000000   Number         0  retarget.o ABSOLUTE
    RTE\\Device\\Mini58FDE\\system_Mini58Series.c 0x00000000   Number         0  system_mini58series.o ABSOLUTE
    Src\Data_Process.c                       0x00000000   Number         0  data_process.o ABSOLUTE
    Src\Display_Ctrl.c                       0x00000000   Number         0  display_ctrl.o ABSOLUTE
    Src\Flash_Prgrm.c                        0x00000000   Number         0  flash_prgrm.o ABSOLUTE
    Src\Key.c                                0x00000000   Number         0  key.o ABSOLUTE
    Src\Led_Class.c                          0x00000000   Number         0  led_class.o ABSOLUTE
    Src\MCU_Config.c                         0x00000000   Number         0  mcu_config.o ABSOLUTE
    Src\Normal_Display.c                     0x00000000   Number         0  normal_display.o ABSOLUTE
    Src\Show_1.c                             0x00000000   Number         0  show_1.o ABSOLUTE
    Src\Show_2.c                             0x00000000   Number         0  show_2.o ABSOLUTE
    Src\Show_3.c                             0x00000000   Number         0  show_3.o ABSOLUTE
    Src\Timer_Ctrl.c                         0x00000000   Number         0  timer_ctrl.o ABSOLUTE
    Src\USART.c                              0x00000000   Number         0  usart.o ABSOLUTE
    Src\WifiString.c                         0x00000000   Number         0  wifistring.o ABSOLUTE
    Src\\Data_Process.c                      0x00000000   Number         0  data_process.o ABSOLUTE
    Src\\Display_Ctrl.c                      0x00000000   Number         0  display_ctrl.o ABSOLUTE
    Src\\Flash_Prgrm.c                       0x00000000   Number         0  flash_prgrm.o ABSOLUTE
    Src\\Key.c                               0x00000000   Number         0  key.o ABSOLUTE
    Src\\Led_Class.c                         0x00000000   Number         0  led_class.o ABSOLUTE
    Src\\MCU_Config.c                        0x00000000   Number         0  mcu_config.o ABSOLUTE
    Src\\Normal_Display.c                    0x00000000   Number         0  normal_display.o ABSOLUTE
    Src\\Show_1.c                            0x00000000   Number         0  show_1.o ABSOLUTE
    Src\\Show_2.c                            0x00000000   Number         0  show_2.o ABSOLUTE
    Src\\Show_3.c                            0x00000000   Number         0  show_3.o ABSOLUTE
    Src\\Timer_Ctrl.c                        0x00000000   Number         0  timer_ctrl.o ABSOLUTE
    Src\\USART.c                             0x00000000   Number         0  usart.o ABSOLUTE
    Src\\WifiString.c                        0x00000000   Number         0  wifistring.o ABSOLUTE
    dc.s                                     0x00000000   Number         0  dc.o ABSOLUTE
    !!!main                                  0x000000c0   Section        8  __main.o(!!!main)
    !!!scatter                               0x000000c8   Section       60  __scatter.o(!!!scatter)
    !!handler_copy                           0x00000104   Section       26  __scatter_copy.o(!!handler_copy)
    !!handler_zi                             0x00000120   Section       28  __scatter_zi.o(!!handler_zi)
    .ARM.Collect$$_printf_percent$$00000000  0x0000013c   Section        2  _printf_percent.o(.ARM.Collect$$_printf_percent$$00000000)
    .ARM.Collect$$_printf_percent$$0000000C  0x0000013e   Section       10  _printf_x.o(.ARM.Collect$$_printf_percent$$0000000C)
    .ARM.Collect$$_printf_percent$$00000017  0x00000148   Section        4  _printf_percent_end.o(.ARM.Collect$$_printf_percent$$00000017)
    .ARM.Collect$$libinit$$00000000          0x0000014c   Section        2  libinit.o(.ARM.Collect$$libinit$$00000000)
    .ARM.Collect$$libinit$$00000002          0x0000014e   Section        0  libinit2.o(.ARM.Collect$$libinit$$00000002)
    .ARM.Collect$$libinit$$00000004          0x0000014e   Section        0  libinit2.o(.ARM.Collect$$libinit$$00000004)
    .ARM.Collect$$libinit$$0000000A          0x0000014e   Section        0  libinit2.o(.ARM.Collect$$libinit$$0000000A)
    .ARM.Collect$$libinit$$0000000C          0x0000014e   Section        0  libinit2.o(.ARM.Collect$$libinit$$0000000C)
    .ARM.Collect$$libinit$$0000000D          0x0000014e   Section        4  libinit2.o(.ARM.Collect$$libinit$$0000000D)
    .ARM.Collect$$libinit$$0000000E          0x00000152   Section        0  libinit2.o(.ARM.Collect$$libinit$$0000000E)
    .ARM.Collect$$libinit$$00000011          0x00000152   Section        0  libinit2.o(.ARM.Collect$$libinit$$00000011)
    .ARM.Collect$$libinit$$00000013          0x00000152   Section        0  libinit2.o(.ARM.Collect$$libinit$$00000013)
    .ARM.Collect$$libinit$$00000015          0x00000152   Section        0  libinit2.o(.ARM.Collect$$libinit$$00000015)
    .ARM.Collect$$libinit$$00000017          0x00000152   Section        0  libinit2.o(.ARM.Collect$$libinit$$00000017)
    .ARM.Collect$$libinit$$00000019          0x00000152   Section        0  libinit2.o(.ARM.Collect$$libinit$$00000019)
    .ARM.Collect$$libinit$$0000001B          0x00000152   Section        0  libinit2.o(.ARM.Collect$$libinit$$0000001B)
    .ARM.Collect$$libinit$$0000001D          0x00000152   Section        0  libinit2.o(.ARM.Collect$$libinit$$0000001D)
    .ARM.Collect$$libinit$$0000001F          0x00000152   Section        0  libinit2.o(.ARM.Collect$$libinit$$0000001F)
    .ARM.Collect$$libinit$$00000021          0x00000152   Section        0  libinit2.o(.ARM.Collect$$libinit$$00000021)
    .ARM.Collect$$libinit$$00000023          0x00000152   Section        0  libinit2.o(.ARM.Collect$$libinit$$00000023)
    .ARM.Collect$$libinit$$00000025          0x00000152   Section        0  libinit2.o(.ARM.Collect$$libinit$$00000025)
    .ARM.Collect$$libinit$$0000002C          0x00000152   Section        0  libinit2.o(.ARM.Collect$$libinit$$0000002C)
    .ARM.Collect$$libinit$$0000002E          0x00000152   Section        0  libinit2.o(.ARM.Collect$$libinit$$0000002E)
    .ARM.Collect$$libinit$$00000030          0x00000152   Section        0  libinit2.o(.ARM.Collect$$libinit$$00000030)
    .ARM.Collect$$libinit$$00000032          0x00000152   Section        0  libinit2.o(.ARM.Collect$$libinit$$00000032)
    .ARM.Collect$$libinit$$00000033          0x00000152   Section        2  libinit2.o(.ARM.Collect$$libinit$$00000033)
    .ARM.Collect$$libshutdown$$00000000      0x00000154   Section        2  libshutdown.o(.ARM.Collect$$libshutdown$$00000000)
    .ARM.Collect$$libshutdown$$00000002      0x00000156   Section        0  libshutdown2.o(.ARM.Collect$$libshutdown$$00000002)
    .ARM.Collect$$libshutdown$$00000004      0x00000156   Section        0  libshutdown2.o(.ARM.Collect$$libshutdown$$00000004)
    .ARM.Collect$$libshutdown$$00000007      0x00000156   Section        0  libshutdown2.o(.ARM.Collect$$libshutdown$$00000007)
    .ARM.Collect$$libshutdown$$0000000A      0x00000156   Section        0  libshutdown2.o(.ARM.Collect$$libshutdown$$0000000A)
    .ARM.Collect$$libshutdown$$0000000C      0x00000156   Section        0  libshutdown2.o(.ARM.Collect$$libshutdown$$0000000C)
    .ARM.Collect$$libshutdown$$0000000F      0x00000156   Section        0  libshutdown2.o(.ARM.Collect$$libshutdown$$0000000F)
    .ARM.Collect$$libshutdown$$00000010      0x00000156   Section        2  libshutdown2.o(.ARM.Collect$$libshutdown$$00000010)
    .ARM.Collect$$rtentry$$00000000          0x00000158   Section        0  __rtentry.o(.ARM.Collect$$rtentry$$00000000)
    .ARM.Collect$$rtentry$$00000002          0x00000158   Section        0  __rtentry2.o(.ARM.Collect$$rtentry$$00000002)
    .ARM.Collect$$rtentry$$00000004          0x00000158   Section        6  __rtentry4.o(.ARM.Collect$$rtentry$$00000004)
    .ARM.Collect$$rtentry$$00000009          0x0000015e   Section        0  __rtentry2.o(.ARM.Collect$$rtentry$$00000009)
    .ARM.Collect$$rtentry$$0000000A          0x0000015e   Section        4  __rtentry2.o(.ARM.Collect$$rtentry$$0000000A)
    .ARM.Collect$$rtentry$$0000000C          0x00000162   Section        0  __rtentry2.o(.ARM.Collect$$rtentry$$0000000C)
    .ARM.Collect$$rtentry$$0000000D          0x00000162   Section        8  __rtentry2.o(.ARM.Collect$$rtentry$$0000000D)
    .ARM.Collect$$rtexit$$00000000           0x0000016a   Section        2  rtexit.o(.ARM.Collect$$rtexit$$00000000)
    .ARM.Collect$$rtexit$$00000002           0x0000016c   Section        0  rtexit2.o(.ARM.Collect$$rtexit$$00000002)
    .ARM.Collect$$rtexit$$00000003           0x0000016c   Section        4  rtexit2.o(.ARM.Collect$$rtexit$$00000003)
    .ARM.Collect$$rtexit$$00000004           0x00000170   Section        6  rtexit2.o(.ARM.Collect$$rtexit$$00000004)
    .emb_text                                0x00000178   Section       28  retarget.o(.emb_text)
    .emb_text                                0x00000194   Section       56  rand.o(.emb_text)
    .text                                    0x000001cc   Section       44  startup_mini58series.o(.text)
    Default_Handler                          0x000001db   Thumb Code     2  startup_mini58series.o(.text)
    .text                                    0x000001f8   Section        0  noretval__2printf.o(.text)
    .text                                    0x00000214   Section        0  _printf_hex_int.o(.text)
    .text                                    0x0000026c   Section        0  __printf_wp.o(.text)
    .text                                    0x0000037c   Section        0  rand.o(.text)
    .text                                    0x000003b8   Section      346  aeabi_sdiv.o(.text)
    .text                                    0x00000512   Section        0  heapauxi.o(.text)
    .text                                    0x00000518   Section        0  _printf_intcommon.o(.text)
    .text                                    0x000005c8   Section        0  _printf_char_file.o(.text)
    .text                                    0x000005f0   Section        0  _printf_char_common.o(.text)
    _printf_input_char                       0x000005f1   Thumb Code    10  _printf_char_common.o(.text)
    .text                                    0x00000620   Section       62  sys_stackheap_outer.o(.text)
    .text                                    0x0000065e   Section        0  exit.o(.text)
    .text                                    0x00000670   Section        8  libspace.o(.text)
    .text                                    0x00000678   Section        0  sys_exit.o(.text)
    .text                                    0x00000684   Section        2  use_no_semi.o(.text)
    .text                                    0x00000686   Section        0  indicate_semi.o(.text)
    i.All_Color                              0x00000688   Section        0  normal_display.o(i.All_Color)
    i.All_Off                                0x000006a8   Section        0  normal_display.o(i.All_Off)
    i.Blink                                  0x000006c4   Section        0  normal_display.o(i.Blink)
    i.Blue_Flash                             0x00000890   Section        0  normal_display.o(i.Blue_Flash)
    i.CLK_DisablePLL                         0x0000090c   Section        0  clk.o(i.CLK_DisablePLL)
    i.CLK_EnablePLL                          0x0000091c   Section        0  clk.o(i.CLK_EnablePLL)
    i.CLK_EnableXtalRC                       0x00000b30   Section        0  clk.o(i.CLK_EnableXtalRC)
    i.CLK_GetPLLClockFreq                    0x00000b48   Section        0  uart.o(i.CLK_GetPLLClockFreq)
    CLK_GetPLLClockFreq                      0x00000b49   Thumb Code    70  uart.o(i.CLK_GetPLLClockFreq)
    i.CLK_Init                               0x00000ba0   Section        0  mcu_config.o(i.CLK_Init)
    CLK_Init                                 0x00000ba1   Thumb Code   186  mcu_config.o(i.CLK_Init)
    i.CLK_SetCoreClock                       0x00000c74   Section        0  clk.o(i.CLK_SetCoreClock)
    i.CLK_SetHCLK                            0x00000cf8   Section        0  clk.o(i.CLK_SetHCLK)
    i.CLK_WaitClockReady                     0x00000d1c   Section        0  clk.o(i.CLK_WaitClockReady)
    i.Color_Show                             0x00000d44   Section        0  normal_display.o(i.Color_Show)
    i.Color_Value_Get                        0x00000e98   Section        0  data_process.o(i.Color_Value_Get)
    Color_Value_Get                          0x00000e99   Thumb Code  1260  data_process.o(i.Color_Value_Get)
    i.Count_Down_Control                     0x00001388   Section        0  timer_ctrl.o(i.Count_Down_Control)
    i.Data_Process                           0x0000144c   Section        0  data_process.o(i.Data_Process)
    i.FMC_Erase                              0x00001488   Section        0  fmc.o(i.FMC_Erase)
    i.FMC_Open                               0x000014b8   Section        0  fmc.o(i.FMC_Open)
    i.FMC_Read                               0x000014c8   Section        0  fmc.o(i.FMC_Read)
    i.FMC_Write                              0x000014e4   Section        0  fmc.o(i.FMC_Write)
    i.Flash_Read_Data                        0x00001500   Section        0  flash_prgrm.o(i.Flash_Read_Data)
    i.Flash_Write_Data                       0x00001584   Section        0  flash_prgrm.o(i.Flash_Write_Data)
    i.Flower_Bloom                           0x00001618   Section        0  normal_display.o(i.Flower_Bloom)
    i.GPIO_SetMode                           0x0000186c   Section        0  gpio.o(i.GPIO_SetMode)
    i.Green_Flash                            0x0000189c   Section        0  normal_display.o(i.Green_Flash)
    i.Hard_Fault_Handler                     0x00001918   Section        0  retarget.o(i.Hard_Fault_Handler)
    __tagsym$$used                           0x00001919   Number         0  retarget.o(i.Hard_Fault_Handler)
    i.Instead                                0x00001940   Section        0  normal_display.o(i.Instead)
    i.Key_Process                            0x00001b88   Section        0  data_process.o(i.Key_Process)
    Key_Process                              0x00001b89   Thumb Code   124  data_process.o(i.Key_Process)
    i.Key_Scan                               0x00001c10   Section        0  key.o(i.Key_Scan)
    i.Led_Display                            0x00001c54   Section        0  display_ctrl.o(i.Led_Display)
    i.Led_Update                             0x00001d0c   Section        0  led_class.o(i.Led_Update)
    i.MCU_Config                             0x00001e10   Section        0  mcu_config.o(i.MCU_Config)
    i.Polar_Light                            0x00001ed8   Section        0  normal_display.o(i.Polar_Light)
    i.Red_Flash                              0x00002018   Section        0  normal_display.o(i.Red_Flash)
    i.Ripple                                 0x00002094   Section        0  normal_display.o(i.Ripple)
    i.Roll                                   0x000021fc   Section        0  normal_display.o(i.Roll)
    i.SYS_UnlockReg                          0x0000238c   Section        0  flash_prgrm.o(i.SYS_UnlockReg)
    SYS_UnlockReg                            0x0000238d   Thumb Code    24  flash_prgrm.o(i.SYS_UnlockReg)
    i.SYS_UnlockReg                          0x000023a8   Section        0  mcu_config.o(i.SYS_UnlockReg)
    SYS_UnlockReg                            0x000023a9   Thumb Code    24  mcu_config.o(i.SYS_UnlockReg)
    i.Sea_Wave                               0x000023c4   Section        0  normal_display.o(i.Sea_Wave)
    i.SendChar_ToUART                        0x0000257c   Section        0  retarget.o(i.SendChar_ToUART)
    i.Show_1                                 0x0000259c   Section        0  show_1.o(i.Show_1)
    i.Show_1_0                               0x00002644   Section        0  show_1.o(i.Show_1_0)
    i.Show_1_1                               0x000027a0   Section        0  show_1.o(i.Show_1_1)
    i.Show_1_2                               0x00002a84   Section        0  show_1.o(i.Show_1_2)
    i.Show_1_3                               0x00002c18   Section        0  show_1.o(i.Show_1_3)
    i.Show_2                                 0x00002f38   Section        0  show_2.o(i.Show_2)
    i.Show_2_0                               0x00002ff4   Section        0  show_2.o(i.Show_2_0)
    i.Show_2_1                               0x000032c4   Section        0  show_2.o(i.Show_2_1)
    i.Show_2_2                               0x0000350c   Section        0  show_2.o(i.Show_2_2)
    i.Show_2_3                               0x00003874   Section        0  show_2.o(i.Show_2_3)
    i.Show_2_4                               0x00003cb0   Section        0  show_2.o(i.Show_2_4)
    i.Show_3                                 0x00003de8   Section        0  show_3.o(i.Show_3)
    i.Show_3_0                               0x00003ea4   Section        0  show_3.o(i.Show_3_0)
    i.Show_3_1                               0x000041e4   Section        0  show_3.o(i.Show_3_1)
    i.Show_3_2                               0x00004778   Section        0  show_3.o(i.Show_3_2)
    i.Show_3_3                               0x000048dc   Section        0  show_3.o(i.Show_3_3)
    i.Show_3_4                               0x00004b1c   Section        0  show_3.o(i.Show_3_4)
    i.Sparkle                                0x00004ddc   Section        0  normal_display.o(i.Sparkle)
    i.Steady                                 0x00004f9c   Section        0  normal_display.o(i.Steady)
    i.SystemCoreClockUpdate                  0x00005004   Section        0  system_mini58series.o(i.SystemCoreClockUpdate)
    i.TIMER_GetModuleClock                   0x000050a4   Section        0  timer.o(i.TIMER_GetModuleClock)
    i.TIMER_Open                             0x000050fc   Section        0  timer.o(i.TIMER_Open)
    i.UART0_IRQHandler                       0x0000514c   Section        0  usart.o(i.UART0_IRQHandler)
    i.UART_Open                              0x00005184   Section        0  uart.o(i.UART_Open)
    i.UART_SetTimeoutCnt                     0x00005204   Section        0  uart.o(i.UART_SetTimeoutCnt)
    i.USART_Process                          0x0000521c   Section        0  data_process.o(i.USART_Process)
    USART_Process                            0x0000521d   Thumb Code   200  data_process.o(i.USART_Process)
    i.Uart_Clear_Buf                         0x00005300   Section        0  usart.o(i.Uart_Clear_Buf)
    i.User_Data_Init                         0x00005320   Section        0  data_process.o(i.User_Data_Init)
    i.__ARM_common_switch8                   0x0000539c   Section        0  data_process.o(i.__ARM_common_switch8)
    i._is_digit                              0x000053b6   Section        0  __printf_wp.o(i._is_digit)
    i.ferror                                 0x000053c4   Section        0  retarget.o(i.ferror)
    i.fputc                                  0x000053ca   Section        0  retarget.o(i.fputc)
    i.main                                   0x000053d8   Section        0  wifistring.o(i.main)
    i.stackDump                              0x00005450   Section        0  retarget.o(i.stackDump)
    .constdata                               0x000054f8   Section       54  data_process.o(.constdata)
    .constdata                               0x0000552e   Section       40  _printf_hex_int.o(.constdata)
    uc_hextab                                0x0000552e   Data          20  _printf_hex_int.o(.constdata)
    lc_hextab                                0x00005542   Data          20  _printf_hex_int.o(.constdata)
    .data                                    0x20000000   Section        3  data_process.o(.data)
    .data                                    0x20000003   Section        1  data_process.o(.data)
    .data                                    0x20000004   Section        6  display_ctrl.o(.data)
    .data                                    0x2000000a   Section        1  display_ctrl.o(.data)
    .data                                    0x2000000b   Section        1  display_ctrl.o(.data)
    .data                                    0x2000000c   Section        1  display_ctrl.o(.data)
    .data                                    0x2000000d   Section        1  display_ctrl.o(.data)
    .data                                    0x2000000e   Section        1  display_ctrl.o(.data)
    .data                                    0x2000000f   Section        1  display_ctrl.o(.data)
    .data                                    0x20000010   Section        1  display_ctrl.o(.data)
    .data                                    0x20000011   Section        1  display_ctrl.o(.data)
    .data                                    0x20000012   Section        1  display_ctrl.o(.data)
    .data                                    0x20000013   Section        1  display_ctrl.o(.data)
    .data                                    0x20000014   Section        1  display_ctrl.o(.data)
    .data                                    0x20000015   Section        1  display_ctrl.o(.data)
    .data                                    0x20000016   Section        1  display_ctrl.o(.data)
    .data                                    0x20000017   Section        1  display_ctrl.o(.data)
    .data                                    0x20000018   Section        1  display_ctrl.o(.data)
    .data                                    0x20000019   Section        1  display_ctrl.o(.data)
    .data                                    0x2000001a   Section        1  display_ctrl.o(.data)
    .data                                    0x2000001b   Section        1  display_ctrl.o(.data)
    .data                                    0x2000001c   Section        2  display_ctrl.o(.data)
    .data                                    0x2000001e   Section        1  display_ctrl.o(.data)
    .data                                    0x2000001f   Section        1  flash_prgrm.o(.data)
    .data                                    0x20000020   Section        3  key.o(.data)
    KeyDoneFlag                              0x20000020   Data           1  key.o(.data)
    KeyTime                                  0x20000021   Data           1  key.o(.data)
    .data                                    0x20000023   Section        1  mcu_config.o(.data)
    .data                                    0x20000024   Section       10  timer_ctrl.o(.data)
    TimerChk                                 0x20000024   Data           2  timer_ctrl.o(.data)
    .data                                    0x2000002e   Section        1  usart.o(.data)
    .data                                    0x20000030   Section        4  retarget.o(.data)
    .data                                    0x20000034   Section        4  system_mini58series.o(.data)
    .data                                    0x20000038   Section       12  system_mini58series.o(.data)
    .bss                                     0x20000044   Section       48  display_ctrl.o(.bss)
    .bss                                     0x20000074   Section       50  display_ctrl.o(.bss)
    .bss                                     0x200000a6   Section       50  display_ctrl.o(.bss)
    .bss                                     0x200000d8   Section       50  display_ctrl.o(.bss)
    .bss                                     0x2000010a   Section       50  display_ctrl.o(.bss)
    .bss                                     0x2000013c   Section       50  display_ctrl.o(.bss)
    .bss                                     0x2000016e   Section      240  led_class.o(.bss)
    .bss                                     0x2000025e   Section       15  usart.o(.bss)
    .bss                                     0x20000270   Section      228  rand.o(.bss)
    .bss                                     0x20000354   Section       96  libspace.o(.bss)
    HEAP                                     0x200003b8   Section        0  startup_mini58series.o(HEAP)
    STACK                                    0x200003b8   Section      512  startup_mini58series.o(STACK)
    Heap_Mem                                 0x200003b8   Data           0  startup_mini58series.o(HEAP)
    Stack_Mem                                0x200003b8   Data         512  startup_mini58series.o(STACK)
    __initial_sp                             0x200005b8   Data           0  startup_mini58series.o(STACK)

    Global Symbols

    Symbol Name                              Value     Ov Type        Size  Object(Section)

    BuildAttributes$$THM_ISAv3M$S$PE$A:L22$X:L11$S22$IEEE1$IW$USESV6$~STKCKD$USESV7$~SHL$OSPACE$ROPI$EBA8$UX$STANDARDLIB$REQ8$PRES8$EABIv2 0x00000000   Number         0  anon$$obj.o ABSOLUTE
    __ARM_use_no_argv                        0x00000000   Number         0  wifistring.o ABSOLUTE
    __Vectors                                0x00000000   Data           4  startup_mini58series.o(RESET)
    _printf_flags                            0x00000000   Number         0  printf_stubs.o ABSOLUTE
    _printf_return_value                     0x00000000   Number         0  printf_stubs.o ABSOLUTE
    _printf_sizespec                         0x00000000   Number         0  printf_stubs.o ABSOLUTE
    _printf_widthprec                        0x00000000   Number         0  printf_stubs.o ABSOLUTE
    __ARM_exceptions_init                     - Undefined Weak Reference
    __alloca_initialize                       - Undefined Weak Reference
    __arm_preinit_                            - Undefined Weak Reference
    __cpp_initialize__aeabi_                  - Undefined Weak Reference
    __cxa_finalize                            - Undefined Weak Reference
    __rt_locale                               - Undefined Weak Reference
    __sigvec_lookup                           - Undefined Weak Reference
    _atexit_init                              - Undefined Weak Reference
    _call_atexit_fns                          - Undefined Weak Reference
    _clock_init                               - Undefined Weak Reference
    _fp_trap_init                             - Undefined Weak Reference
    _fp_trap_shutdown                         - Undefined Weak Reference
    _get_lc_collate                           - Undefined Weak Reference
    _get_lc_ctype                             - Undefined Weak Reference
    _get_lc_monetary                          - Undefined Weak Reference
    _get_lc_numeric                           - Undefined Weak Reference
    _get_lc_time                              - Undefined Weak Reference
    _getenv_init                              - Undefined Weak Reference
    _handle_redirection                       - Undefined Weak Reference
    _init_alloc                               - Undefined Weak Reference
    _init_user_alloc                          - Undefined Weak Reference
    _initio                                   - Undefined Weak Reference
    _printf_post_padding                      - Undefined Weak Reference
    _printf_pre_padding                       - Undefined Weak Reference
    _printf_truncate_unsigned                 - Undefined Weak Reference
    _signal_finish                            - Undefined Weak Reference
    _signal_init                              - Undefined Weak Reference
    _terminate_alloc                          - Undefined Weak Reference
    _terminate_user_alloc                     - Undefined Weak Reference
    _terminateio                              - Undefined Weak Reference
    __main                                   0x000000c1   Thumb Code     8  __main.o(!!!main)
    __scatterload                            0x000000c9   Thumb Code     0  __scatter.o(!!!scatter)
    __scatterload_rt2                        0x000000c9   Thumb Code    52  __scatter.o(!!!scatter)
    __scatterload_rt2_thumb_only             0x000000c9   Thumb Code     0  __scatter.o(!!!scatter)
    __scatterload_null                       0x000000d9   Thumb Code     0  __scatter.o(!!!scatter)
    __scatterload_copy                       0x00000105   Thumb Code    26  __scatter_copy.o(!!handler_copy)
    __scatterload_zeroinit                   0x00000121   Thumb Code    28  __scatter_zi.o(!!handler_zi)
    _printf_percent                          0x0000013d   Thumb Code     0  _printf_percent.o(.ARM.Collect$$_printf_percent$$00000000)
    _printf_x                                0x0000013f   Thumb Code     0  _printf_x.o(.ARM.Collect$$_printf_percent$$0000000C)
    _printf_percent_end                      0x00000149   Thumb Code     0  _printf_percent_end.o(.ARM.Collect$$_printf_percent$$00000017)
    __rt_lib_init                            0x0000014d   Thumb Code     0  libinit.o(.ARM.Collect$$libinit$$00000000)
    __rt_lib_init_fp_1                       0x0000014f   Thumb Code     0  libinit2.o(.ARM.Collect$$libinit$$00000002)
    __rt_lib_init_heap_1                     0x0000014f   Thumb Code     0  libinit2.o(.ARM.Collect$$libinit$$0000000A)
    __rt_lib_init_preinit_1                  0x0000014f   Thumb Code     0  libinit2.o(.ARM.Collect$$libinit$$00000004)
    __rt_lib_init_rand_2                     0x0000014f   Thumb Code     0  libinit2.o(.ARM.Collect$$libinit$$0000000D)
    __rt_lib_init_user_alloc_1               0x0000014f   Thumb Code     0  libinit2.o(.ARM.Collect$$libinit$$0000000C)
    __rt_lib_init_alloca_1                   0x00000153   Thumb Code     0  libinit2.o(.ARM.Collect$$libinit$$0000002E)
    __rt_lib_init_argv_1                     0x00000153   Thumb Code     0  libinit2.o(.ARM.Collect$$libinit$$0000002C)
    __rt_lib_init_atexit_1                   0x00000153   Thumb Code     0  libinit2.o(.ARM.Collect$$libinit$$0000001B)
    __rt_lib_init_clock_1                    0x00000153   Thumb Code     0  libinit2.o(.ARM.Collect$$libinit$$00000021)
    __rt_lib_init_cpp_1                      0x00000153   Thumb Code     0  libinit2.o(.ARM.Collect$$libinit$$00000032)
    __rt_lib_init_exceptions_1               0x00000153   Thumb Code     0  libinit2.o(.ARM.Collect$$libinit$$00000030)
    __rt_lib_init_fp_trap_1                  0x00000153   Thumb Code     0  libinit2.o(.ARM.Collect$$libinit$$0000001F)
    __rt_lib_init_getenv_1                   0x00000153   Thumb Code     0  libinit2.o(.ARM.Collect$$libinit$$00000023)
    __rt_lib_init_lc_collate_1               0x00000153   Thumb Code     0  libinit2.o(.ARM.Collect$$libinit$$00000011)
    __rt_lib_init_lc_ctype_1                 0x00000153   Thumb Code     0  libinit2.o(.ARM.Collect$$libinit$$00000013)
    __rt_lib_init_lc_monetary_1              0x00000153   Thumb Code     0  libinit2.o(.ARM.Collect$$libinit$$00000015)
    __rt_lib_init_lc_numeric_1               0x00000153   Thumb Code     0  libinit2.o(.ARM.Collect$$libinit$$00000017)
    __rt_lib_init_lc_time_1                  0x00000153   Thumb Code     0  libinit2.o(.ARM.Collect$$libinit$$00000019)
    __rt_lib_init_rand_1                     0x00000153   Thumb Code     0  libinit2.o(.ARM.Collect$$libinit$$0000000E)
    __rt_lib_init_return                     0x00000153   Thumb Code     0  libinit2.o(.ARM.Collect$$libinit$$00000033)
    __rt_lib_init_signal_1                   0x00000153   Thumb Code     0  libinit2.o(.ARM.Collect$$libinit$$0000001D)
    __rt_lib_init_stdio_1                    0x00000153   Thumb Code     0  libinit2.o(.ARM.Collect$$libinit$$00000025)
    __rt_lib_shutdown                        0x00000155   Thumb Code     0  libshutdown.o(.ARM.Collect$$libshutdown$$00000000)
    __rt_lib_shutdown_cpp_1                  0x00000157   Thumb Code     0  libshutdown2.o(.ARM.Collect$$libshutdown$$00000002)
    __rt_lib_shutdown_fp_trap_1              0x00000157   Thumb Code     0  libshutdown2.o(.ARM.Collect$$libshutdown$$00000007)
    __rt_lib_shutdown_heap_1                 0x00000157   Thumb Code     0  libshutdown2.o(.ARM.Collect$$libshutdown$$0000000F)
    __rt_lib_shutdown_return                 0x00000157   Thumb Code     0  libshutdown2.o(.ARM.Collect$$libshutdown$$00000010)
    __rt_lib_shutdown_signal_1               0x00000157   Thumb Code     0  libshutdown2.o(.ARM.Collect$$libshutdown$$0000000A)
    __rt_lib_shutdown_stdio_1                0x00000157   Thumb Code     0  libshutdown2.o(.ARM.Collect$$libshutdown$$00000004)
    __rt_lib_shutdown_user_alloc_1           0x00000157   Thumb Code     0  libshutdown2.o(.ARM.Collect$$libshutdown$$0000000C)
    __rt_entry                               0x00000159   Thumb Code     0  __rtentry.o(.ARM.Collect$$rtentry$$00000000)
    __rt_entry_presh_1                       0x00000159   Thumb Code     0  __rtentry2.o(.ARM.Collect$$rtentry$$00000002)
    __rt_entry_sh                            0x00000159   Thumb Code     0  __rtentry4.o(.ARM.Collect$$rtentry$$00000004)
    __rt_entry_li                            0x0000015f   Thumb Code     0  __rtentry2.o(.ARM.Collect$$rtentry$$0000000A)
    __rt_entry_postsh_1                      0x0000015f   Thumb Code     0  __rtentry2.o(.ARM.Collect$$rtentry$$00000009)
    __rt_entry_main                          0x00000163   Thumb Code     0  __rtentry2.o(.ARM.Collect$$rtentry$$0000000D)
    __rt_entry_postli_1                      0x00000163   Thumb Code     0  __rtentry2.o(.ARM.Collect$$rtentry$$0000000C)
    __rt_exit                                0x0000016b   Thumb Code     0  rtexit.o(.ARM.Collect$$rtexit$$00000000)
    __rt_exit_ls                             0x0000016d   Thumb Code     0  rtexit2.o(.ARM.Collect$$rtexit$$00000003)
    __rt_exit_prels_1                        0x0000016d   Thumb Code     0  rtexit2.o(.ARM.Collect$$rtexit$$00000002)
    __rt_exit_exit                           0x00000171   Thumb Code     0  rtexit2.o(.ARM.Collect$$rtexit$$00000004)
    HardFault_Handler                        0x00000179   Thumb Code    24  retarget.o(.emb_text)
    rand                                     0x00000195   Thumb Code    52  rand.o(.emb_text)
    Reset_Handler                            0x000001cd   Thumb Code     4  startup_mini58series.o(.text)
    NMI_Handler                              0x000001d1   Thumb Code     2  startup_mini58series.o(.text)
    SVC_Handler                              0x000001d5   Thumb Code     2  startup_mini58series.o(.text)
    PendSV_Handler                           0x000001d7   Thumb Code     2  startup_mini58series.o(.text)
    SysTick_Handler                          0x000001d9   Thumb Code     2  startup_mini58series.o(.text)
    ACMP_IRQHandler                          0x000001db   Thumb Code     0  startup_mini58series.o(.text)
    ADC_IRQHandler                           0x000001db   Thumb Code     0  startup_mini58series.o(.text)
    BOD_IRQHandler                           0x000001db   Thumb Code     0  startup_mini58series.o(.text)
    EINT0_IRQHandler                         0x000001db   Thumb Code     0  startup_mini58series.o(.text)
    EINT1_IRQHandler                         0x000001db   Thumb Code     0  startup_mini58series.o(.text)
    FB_IRQHandler                            0x000001db   Thumb Code     0  startup_mini58series.o(.text)
    GPIO01_IRQHandler                        0x000001db   Thumb Code     0  startup_mini58series.o(.text)
    GPIO234_IRQHandler                       0x000001db   Thumb Code     0  startup_mini58series.o(.text)
    GPIO5_IRQHandler                         0x000001db   Thumb Code     0  startup_mini58series.o(.text)
    HIRC_IRQHandler                          0x000001db   Thumb Code     0  startup_mini58series.o(.text)
    I2C0_IRQHandler                          0x000001db   Thumb Code     0  startup_mini58series.o(.text)
    I2C1_IRQHandler                          0x000001db   Thumb Code     0  startup_mini58series.o(.text)
    PDWU_IRQHandler                          0x000001db   Thumb Code     0  startup_mini58series.o(.text)
    PWM_IRQHandler                           0x000001db   Thumb Code     0  startup_mini58series.o(.text)
    SPI_IRQHandler                           0x000001db   Thumb Code     0  startup_mini58series.o(.text)
    TMR0_IRQHandler                          0x000001db   Thumb Code     0  startup_mini58series.o(.text)
    TMR1_IRQHandler                          0x000001db   Thumb Code     0  startup_mini58series.o(.text)
    UART1_IRQHandler                         0x000001db   Thumb Code     0  startup_mini58series.o(.text)
    WDT_IRQHandler                           0x000001db   Thumb Code     0  startup_mini58series.o(.text)
    __user_initial_stackheap                 0x000001dd   Thumb Code     0  startup_mini58series.o(.text)
    __2printf                                0x000001f9   Thumb Code    22  noretval__2printf.o(.text)
    _printf_int_hex                          0x00000215   Thumb Code    84  _printf_hex_int.o(.text)
    _printf_longlong_hex                     0x00000215   Thumb Code     0  _printf_hex_int.o(.text)
    __printf                                 0x0000026d   Thumb Code   270  __printf_wp.o(.text)
    srand                                    0x0000037d   Thumb Code    44  rand.o(.text)
    _rand_init                               0x000003a9   Thumb Code     4  rand.o(.text)
    __aeabi_uidiv                            0x000003b9   Thumb Code     0  aeabi_sdiv.o(.text)
    __aeabi_uidivmod                         0x000003b9   Thumb Code    20  aeabi_sdiv.o(.text)
    __aeabi_idiv                             0x000003cd   Thumb Code     0  aeabi_sdiv.o(.text)
    __aeabi_idivmod                          0x000003cd   Thumb Code   326  aeabi_sdiv.o(.text)
    __use_two_region_memory                  0x00000513   Thumb Code     2  heapauxi.o(.text)
    __rt_heap_escrow$2region                 0x00000515   Thumb Code     2  heapauxi.o(.text)
    __rt_heap_expand$2region                 0x00000517   Thumb Code     2  heapauxi.o(.text)
    _printf_int_common                       0x00000519   Thumb Code   176  _printf_intcommon.o(.text)
    _printf_char_file                        0x000005c9   Thumb Code    34  _printf_char_file.o(.text)
    _printf_char_common                      0x000005fb   Thumb Code    32  _printf_char_common.o(.text)
    __user_setup_stackheap                   0x00000621   Thumb Code    62  sys_stackheap_outer.o(.text)
    exit                                     0x0000065f   Thumb Code    16  exit.o(.text)
    __user_libspace                          0x00000671   Thumb Code     8  libspace.o(.text)
    __user_perproc_libspace                  0x00000671   Thumb Code     0  libspace.o(.text)
    __user_perthread_libspace                0x00000671   Thumb Code     0  libspace.o(.text)
    _sys_exit                                0x00000679   Thumb Code     8  sys_exit.o(.text)
    __I$use$semihosting                      0x00000685   Thumb Code     0  use_no_semi.o(.text)
    __use_no_semihosting_swi                 0x00000685   Thumb Code     2  use_no_semi.o(.text)
    __semihosting_library_function           0x00000687   Thumb Code     0  indicate_semi.o(.text)
    All_Color                                0x00000689   Thumb Code    28  normal_display.o(i.All_Color)
    All_Off                                  0x000006a9   Thumb Code    24  normal_display.o(i.All_Off)
    Blink                                    0x000006c5   Thumb Code   414  normal_display.o(i.Blink)
    Blue_Flash                               0x00000891   Thumb Code   100  normal_display.o(i.Blue_Flash)
    CLK_DisablePLL                           0x0000090d   Thumb Code    12  clk.o(i.CLK_DisablePLL)
    CLK_EnablePLL                            0x0000091d   Thumb Code   478  clk.o(i.CLK_EnablePLL)
    CLK_EnableXtalRC                         0x00000b31   Thumb Code    18  clk.o(i.CLK_EnableXtalRC)
    CLK_SetCoreClock                         0x00000c75   Thumb Code   122  clk.o(i.CLK_SetCoreClock)
    CLK_SetHCLK                              0x00000cf9   Thumb Code    30  clk.o(i.CLK_SetHCLK)
    CLK_WaitClockReady                       0x00000d1d   Thumb Code    32  clk.o(i.CLK_WaitClockReady)
    Color_Show                               0x00000d45   Thumb Code   302  normal_display.o(i.Color_Show)
    Count_Down_Control                       0x00001389   Thumb Code   184  timer_ctrl.o(i.Count_Down_Control)
    Data_Process                             0x0000144d   Thumb Code    50  data_process.o(i.Data_Process)
    FMC_Erase                                0x00001489   Thumb Code    42  fmc.o(i.FMC_Erase)
    FMC_Open                                 0x000014b9   Thumb Code    12  fmc.o(i.FMC_Open)
    FMC_Read                                 0x000014c9   Thumb Code    22  fmc.o(i.FMC_Read)
    FMC_Write                                0x000014e5   Thumb Code    22  fmc.o(i.FMC_Write)
    Flash_Read_Data                          0x00001501   Thumb Code    98  flash_prgrm.o(i.Flash_Read_Data)
    Flash_Write_Data                         0x00001585   Thumb Code   112  flash_prgrm.o(i.Flash_Write_Data)
    Flower_Bloom                             0x00001619   Thumb Code   536  normal_display.o(i.Flower_Bloom)
    GPIO_SetMode                             0x0000186d   Thumb Code    46  gpio.o(i.GPIO_SetMode)
    Green_Flash                              0x0000189d   Thumb Code   100  normal_display.o(i.Green_Flash)
    Hard_Fault_Handler                       0x00001919   Thumb Code    16  retarget.o(i.Hard_Fault_Handler)
    Instead                                  0x00001941   Thumb Code   516  normal_display.o(i.Instead)
    Key_Scan                                 0x00001c11   Thumb Code    60  key.o(i.Key_Scan)
    Led_Display                              0x00001c55   Thumb Code   180  display_ctrl.o(i.Led_Display)
    Led_Update                               0x00001d0d   Thumb Code   250  led_class.o(i.Led_Update)
    MCU_Config                               0x00001e11   Thumb Code   164  mcu_config.o(i.MCU_Config)
    Polar_Light                              0x00001ed9   Thumb Code   290  normal_display.o(i.Polar_Light)
    Red_Flash                                0x00002019   Thumb Code   100  normal_display.o(i.Red_Flash)
    Ripple                                   0x00002095   Thumb Code   300  normal_display.o(i.Ripple)
    Roll                                     0x000021fd   Thumb Code   342  normal_display.o(i.Roll)
    Sea_Wave                                 0x000023c5   Thumb Code   376  normal_display.o(i.Sea_Wave)
    SendChar_ToUART                          0x0000257d   Thumb Code    26  retarget.o(i.SendChar_ToUART)
    Show_1                                   0x0000259d   Thumb Code   142  show_1.o(i.Show_1)
    Show_1_0                                 0x00002645   Thumb Code   296  show_1.o(i.Show_1_0)
    Show_1_1                                 0x000027a1   Thumb Code   676  show_1.o(i.Show_1_1)
    Show_1_2                                 0x00002a85   Thumb Code   358  show_1.o(i.Show_1_2)
    Show_1_3                                 0x00002c19   Thumb Code   722  show_1.o(i.Show_1_3)
    Show_2                                   0x00002f39   Thumb Code   156  show_2.o(i.Show_2)
    Show_2_0                                 0x00002ff5   Thumb Code   640  show_2.o(i.Show_2_0)
    Show_2_1                                 0x000032c5   Thumb Code   530  show_2.o(i.Show_2_1)
    Show_2_2                                 0x0000350d   Thumb Code   814  show_2.o(i.Show_2_2)
    Show_2_3                                 0x00003875   Thumb Code  1084  show_2.o(i.Show_2_3)
    Show_2_4                                 0x00003cb1   Thumb Code   270  show_2.o(i.Show_2_4)
    Show_3                                   0x00003de9   Thumb Code   156  show_3.o(i.Show_3)
    Show_3_0                                 0x00003ea5   Thumb Code   770  show_3.o(i.Show_3_0)
    Show_3_1                                 0x000041e5   Thumb Code  1400  show_3.o(i.Show_3_1)
    Show_3_2                                 0x00004779   Thumb Code   302  show_3.o(i.Show_3_2)
    Show_3_3                                 0x000048dd   Thumb Code   512  show_3.o(i.Show_3_3)
    Show_3_4                                 0x00004b1d   Thumb Code   634  show_3.o(i.Show_3_4)
    Sparkle                                  0x00004ddd   Thumb Code   390  normal_display.o(i.Sparkle)
    Steady                                   0x00004f9d   Thumb Code    78  normal_display.o(i.Steady)
    SystemCoreClockUpdate                    0x00005005   Thumb Code   130  system_mini58series.o(i.SystemCoreClockUpdate)
    TIMER_GetModuleClock                     0x000050a5   Thumb Code    64  timer.o(i.TIMER_GetModuleClock)
    TIMER_Open                               0x000050fd   Thumb Code    80  timer.o(i.TIMER_Open)
    UART0_IRQHandler                         0x0000514d   Thumb Code    42  usart.o(i.UART0_IRQHandler)
    UART_Open                                0x00005185   Thumb Code   112  uart.o(i.UART_Open)
    UART_SetTimeoutCnt                       0x00005205   Thumb Code    22  uart.o(i.UART_SetTimeoutCnt)
    Uart_Clear_Buf                           0x00005301   Thumb Code    28  usart.o(i.Uart_Clear_Buf)
    User_Data_Init                           0x00005321   Thumb Code   108  data_process.o(i.User_Data_Init)
    __ARM_common_switch8                     0x0000539d   Thumb Code    26  data_process.o(i.__ARM_common_switch8)
    _is_digit                                0x000053b7   Thumb Code    14  __printf_wp.o(i._is_digit)
    ferror                                   0x000053c5   Thumb Code     6  retarget.o(i.ferror)
    fputc                                    0x000053cb   Thumb Code    12  retarget.o(i.fputc)
    main                                     0x000053d9   Thumb Code   102  wifistring.o(i.main)
    stackDump                                0x00005451   Thumb Code    70  retarget.o(i.stackDump)
    COLOR_VECTOR                             0x000054f8   Data          54  data_process.o(.constdata)
    Region$$Table$$Base                      0x00005558   Number         0  anon$$obj.o(Region$$Table)
    Region$$Table$$Limit                     0x00005578   Number         0  anon$$obj.o(Region$$Table)
    PowerOnNum                               0x20000000   Data           1  data_process.o(.data)
    NormalColorPre                           0x20000001   Data           1  data_process.o(.data)
    NormalModePre                            0x20000002   Data           1  data_process.o(.data)
    WdtRstFlag                               0x20000003   Data           1  data_process.o(.data)
    RndSeed                                  0x20000004   Data           2  display_ctrl.o(.data)
    DisplayData                              0x20000006   Data           4  display_ctrl.o(.data)
    ColorNum                                 0x2000000a   Data           1  display_ctrl.o(.data)
    TempCnt                                  0x2000000b   Data           1  display_ctrl.o(.data)
    TempLed                                  0x2000000c   Data           1  display_ctrl.o(.data)
    LedCnt                                   0x2000000d   Data           1  display_ctrl.o(.data)
    TempR                                    0x2000000e   Data           1  display_ctrl.o(.data)
    TempG                                    0x2000000f   Data           1  display_ctrl.o(.data)
    TempB                                    0x20000010   Data           1  display_ctrl.o(.data)
    TempDuty                                 0x20000011   Data           1  display_ctrl.o(.data)
    FadeR                                    0x20000012   Data           1  display_ctrl.o(.data)
    FadeG                                    0x20000013   Data           1  display_ctrl.o(.data)
    FadeB                                    0x20000014   Data           1  display_ctrl.o(.data)
    TempColor                                0x20000015   Data           1  display_ctrl.o(.data)
    SpeedTime                                0x20000016   Data           1  display_ctrl.o(.data)
    KeepTime                                 0x20000017   Data           1  display_ctrl.o(.data)
    ShowMode                                 0x20000018   Data           1  display_ctrl.o(.data)
    ShowInit                                 0x20000019   Data           1  display_ctrl.o(.data)
    RndCnt                                   0x2000001a   Data           1  display_ctrl.o(.data)
    SteadyTime                               0x2000001b   Data           1  display_ctrl.o(.data)
    TimeLine                                 0x2000001c   Data           2  display_ctrl.o(.data)
    TempStep                                 0x2000001e   Data           1  display_ctrl.o(.data)
    FlashSaveFlag                            0x2000001f   Data           1  flash_prgrm.o(.data)
    KeyStatus                                0x20000022   Data           1  key.o(.data)
    HseStatus                                0x20000023   Data           1  mcu_config.o(.data)
    TimerData                                0x20000026   Data           8  timer_ctrl.o(.data)
    RcvFlag                                  0x2000002e   Data           1  usart.o(.data)
    __stdout                                 0x20000030   Data           4  retarget.o(.data)
    __HSI                                    0x20000034   Data           4  system_mini58series.o(.data)
    PllClock                                 0x20000038   Data           4  system_mini58series.o(.data)
    SystemCoreClock                          0x2000003c   Data           4  system_mini58series.o(.data)
    CyclesPerUs                              0x20000040   Data           4  system_mini58series.o(.data)
    ColorData                                0x20000044   Data          48  display_ctrl.o(.bss)
    ModeTime                                 0x20000074   Data          50  display_ctrl.o(.bss)
    ModeStep                                 0x200000a6   Data          50  display_ctrl.o(.bss)
    HoldTime                                 0x200000d8   Data          50  display_ctrl.o(.bss)
    ModeColor                                0x2000010a   Data          50  display_ctrl.o(.bss)
    ModeLed                                  0x2000013c   Data          50  display_ctrl.o(.bss)
    LedData                                  0x2000016e   Data         240  led_class.o(.bss)
    USART_Buffer                             0x2000025e   Data          15  usart.o(.bss)
    _random_number_data                      0x20000270   Data         228  rand.o(.bss)
    __libspace_start                         0x20000354   Data          96  libspace.o(.bss)
    __temporary_stack_top$libspace           0x200003b4   Data           0  libspace.o(.bss)



==============================================================================

Memory Map of the image

  Image Entry point : 0x000001cd

  Load Region LR_IROM1 (Base: 0x00000000, Size: 0x000055bc, Max: 0x00008000, ABSOLUTE)

    Execution Region ER_IROM1 (Base: 0x00000000, Size: 0x00005578, Max: 0x00008000, ABSOLUTE)

    Base Addr    Size         Type   Attr      Idx    E Section Name        Object

    0x00000000   0x000000c0   Data   RO         1366    RESET               startup_mini58series.o
    0x000000c0   0x00000008   Code   RO         1466  * !!!main             c_p.l(__main.o)
    0x000000c8   0x0000003c   Code   RO         1652    !!!scatter          c_p.l(__scatter.o)
    0x00000104   0x0000001a   Code   RO         1654    !!handler_copy      c_p.l(__scatter_copy.o)
    0x0000011e   0x00000002   PAD
    0x00000120   0x0000001c   Code   RO         1656    !!handler_zi        c_p.l(__scatter_zi.o)
    0x0000013c   0x00000002   Code   RO         1454    .ARM.Collect$$_printf_percent$$00000000  c_p.l(_printf_percent.o)
    0x0000013e   0x0000000a   Code   RO         1453    .ARM.Collect$$_printf_percent$$0000000C  c_p.l(_printf_x.o)
    0x00000148   0x00000004   Code   RO         1486    .ARM.Collect$$_printf_percent$$00000017  c_p.l(_printf_percent_end.o)
    0x0000014c   0x00000002   Code   RO         1576    .ARM.Collect$$libinit$$00000000  c_p.l(libinit.o)
    0x0000014e   0x00000000   Code   RO         1488    .ARM.Collect$$libinit$$00000002  c_p.l(libinit2.o)
    0x0000014e   0x00000000   Code   RO         1490    .ARM.Collect$$libinit$$00000004  c_p.l(libinit2.o)
    0x0000014e   0x00000000   Code   RO         1493    .ARM.Collect$$libinit$$0000000A  c_p.l(libinit2.o)
    0x0000014e   0x00000000   Code   RO         1495    .ARM.Collect$$libinit$$0000000C  c_p.l(libinit2.o)
    0x0000014e   0x00000004   Code   RO         1496    .ARM.Collect$$libinit$$0000000D  c_p.l(libinit2.o)
    0x00000152   0x00000000   Code   RO         1497    .ARM.Collect$$libinit$$0000000E  c_p.l(libinit2.o)
    0x00000152   0x00000000   Code   RO         1500    .ARM.Collect$$libinit$$00000011  c_p.l(libinit2.o)
    0x00000152   0x00000000   Code   RO         1502    .ARM.Collect$$libinit$$00000013  c_p.l(libinit2.o)
    0x00000152   0x00000000   Code   RO         1504    .ARM.Collect$$libinit$$00000015  c_p.l(libinit2.o)
    0x00000152   0x00000000   Code   RO         1506    .ARM.Collect$$libinit$$00000017  c_p.l(libinit2.o)
    0x00000152   0x00000000   Code   RO         1508    .ARM.Collect$$libinit$$00000019  c_p.l(libinit2.o)
    0x00000152   0x00000000   Code   RO         1510    .ARM.Collect$$libinit$$0000001B  c_p.l(libinit2.o)
    0x00000152   0x00000000   Code   RO         1512    .ARM.Collect$$libinit$$0000001D  c_p.l(libinit2.o)
    0x00000152   0x00000000   Code   RO         1514    .ARM.Collect$$libinit$$0000001F  c_p.l(libinit2.o)
    0x00000152   0x00000000   Code   RO         1516    .ARM.Collect$$libinit$$00000021  c_p.l(libinit2.o)
    0x00000152   0x00000000   Code   RO         1518    .ARM.Collect$$libinit$$00000023  c_p.l(libinit2.o)
    0x00000152   0x00000000   Code   RO         1520    .ARM.Collect$$libinit$$00000025  c_p.l(libinit2.o)
    0x00000152   0x00000000   Code   RO         1524    .ARM.Collect$$libinit$$0000002C  c_p.l(libinit2.o)
    0x00000152   0x00000000   Code   RO         1526    .ARM.Collect$$libinit$$0000002E  c_p.l(libinit2.o)
    0x00000152   0x00000000   Code   RO         1528    .ARM.Collect$$libinit$$00000030  c_p.l(libinit2.o)
    0x00000152   0x00000000   Code   RO         1530    .ARM.Collect$$libinit$$00000032  c_p.l(libinit2.o)
    0x00000152   0x00000002   Code   RO         1531    .ARM.Collect$$libinit$$00000033  c_p.l(libinit2.o)
    0x00000154   0x00000002   Code   RO         1619    .ARM.Collect$$libshutdown$$00000000  c_p.l(libshutdown.o)
    0x00000156   0x00000000   Code   RO         1635    .ARM.Collect$$libshutdown$$00000002  c_p.l(libshutdown2.o)
    0x00000156   0x00000000   Code   RO         1637    .ARM.Collect$$libshutdown$$00000004  c_p.l(libshutdown2.o)
    0x00000156   0x00000000   Code   RO         1640    .ARM.Collect$$libshutdown$$00000007  c_p.l(libshutdown2.o)
    0x00000156   0x00000000   Code   RO         1643    .ARM.Collect$$libshutdown$$0000000A  c_p.l(libshutdown2.o)
    0x00000156   0x00000000   Code   RO         1645    .ARM.Collect$$libshutdown$$0000000C  c_p.l(libshutdown2.o)
    0x00000156   0x00000000   Code   RO         1648    .ARM.Collect$$libshutdown$$0000000F  c_p.l(libshutdown2.o)
    0x00000156   0x00000002   Code   RO         1649    .ARM.Collect$$libshutdown$$00000010  c_p.l(libshutdown2.o)
    0x00000158   0x00000000   Code   RO         1477    .ARM.Collect$$rtentry$$00000000  c_p.l(__rtentry.o)
    0x00000158   0x00000000   Code   RO         1534    .ARM.Collect$$rtentry$$00000002  c_p.l(__rtentry2.o)
    0x00000158   0x00000006   Code   RO         1546    .ARM.Collect$$rtentry$$00000004  c_p.l(__rtentry4.o)
    0x0000015e   0x00000000   Code   RO         1536    .ARM.Collect$$rtentry$$00000009  c_p.l(__rtentry2.o)
    0x0000015e   0x00000004   Code   RO         1537    .ARM.Collect$$rtentry$$0000000A  c_p.l(__rtentry2.o)
    0x00000162   0x00000000   Code   RO         1539    .ARM.Collect$$rtentry$$0000000C  c_p.l(__rtentry2.o)
    0x00000162   0x00000008   Code   RO         1540    .ARM.Collect$$rtentry$$0000000D  c_p.l(__rtentry2.o)
    0x0000016a   0x00000002   Code   RO         1583    .ARM.Collect$$rtexit$$00000000  c_p.l(rtexit.o)
    0x0000016c   0x00000000   Code   RO         1603    .ARM.Collect$$rtexit$$00000002  c_p.l(rtexit2.o)
    0x0000016c   0x00000004   Code   RO         1604    .ARM.Collect$$rtexit$$00000003  c_p.l(rtexit2.o)
    0x00000170   0x00000006   Code   RO         1605    .ARM.Collect$$rtexit$$00000004  c_p.l(rtexit2.o)
    0x00000176   0x00000002   PAD
    0x00000178   0x0000001c   Code   RO         1276    .emb_text           retarget.o
    0x00000194   0x00000038   Code   RO         1455    .emb_text           c_p.l(rand.o)
    0x000001cc   0x0000002c   Code   RO         1367  * .text               startup_mini58series.o
    0x000001f8   0x0000001c   Code   RO         1408    .text               c_p.l(noretval__2printf.o)
    0x00000214   0x00000058   Code   RO         1415    .text               c_p.l(_printf_hex_int.o)
    0x0000026c   0x0000010e   Code   RO         1441    .text               c_p.l(__printf_wp.o)
    0x0000037a   0x00000002   PAD
    0x0000037c   0x0000003c   Code   RO         1456    .text               c_p.l(rand.o)
    0x000003b8   0x0000015a   Code   RO         1460    .text               c_p.l(aeabi_sdiv.o)
    0x00000512   0x00000006   Code   RO         1464    .text               c_p.l(heapauxi.o)
    0x00000518   0x000000b0   Code   RO         1482    .text               c_p.l(_printf_intcommon.o)
    0x000005c8   0x00000028   Code   RO         1484    .text               c_p.l(_printf_char_file.o)
    0x000005f0   0x00000030   Code   RO         1550    .text               c_p.l(_printf_char_common.o)
    0x00000620   0x0000003e   Code   RO         1556    .text               c_p.l(sys_stackheap_outer.o)
    0x0000065e   0x00000010   Code   RO         1561    .text               c_p.l(exit.o)
    0x0000066e   0x00000002   PAD
    0x00000670   0x00000008   Code   RO         1579    .text               c_p.l(libspace.o)
    0x00000678   0x0000000c   Code   RO         1597    .text               c_p.l(sys_exit.o)
    0x00000684   0x00000002   Code   RO         1599    .text               c_p.l(use_no_semi.o)
    0x00000686   0x00000000   Code   RO         1601    .text               c_p.l(indicate_semi.o)
    0x00000686   0x00000002   PAD
    0x00000688   0x00000020   Code   RO          352    i.All_Color         normal_display.o
    0x000006a8   0x0000001c   Code   RO          353    i.All_Off           normal_display.o
    0x000006c4   0x000001cc   Code   RO          354    i.Blink             normal_display.o
    0x00000890   0x0000007c   Code   RO          355    i.Blue_Flash        normal_display.o
    0x0000090c   0x00000010   Code   RO          696    i.CLK_DisablePLL    clk.o
    0x0000091c   0x00000214   Code   RO          701    i.CLK_EnablePLL     clk.o
    0x00000b30   0x00000018   Code   RO          703    i.CLK_EnableXtalRC  clk.o
    0x00000b48   0x00000058   Code   RO         1138    i.CLK_GetPLLClockFreq  uart.o
    0x00000ba0   0x000000d4   Code   RO          310    i.CLK_Init          mcu_config.o
    0x00000c74   0x00000084   Code   RO          710    i.CLK_SetCoreClock  clk.o
    0x00000cf8   0x00000024   Code   RO          711    i.CLK_SetHCLK       clk.o
    0x00000d1c   0x00000028   Code   RO          715    i.CLK_WaitClockReady  clk.o
    0x00000d44   0x00000154   Code   RO          356    i.Color_Show        normal_display.o
    0x00000e98   0x000004f0   Code   RO            3    i.Color_Value_Get   data_process.o
    0x00001388   0x000000c4   Code   RO          606    i.Count_Down_Control  timer_ctrl.o
    0x0000144c   0x0000003c   Code   RO            4    i.Data_Process      data_process.o
    0x00001488   0x00000030   Code   RO          842    i.FMC_Erase         fmc.o
    0x000014b8   0x00000010   Code   RO          846    i.FMC_Open          fmc.o
    0x000014c8   0x0000001c   Code   RO          847    i.FMC_Read          fmc.o
    0x000014e4   0x0000001c   Code   RO          855    i.FMC_Write         fmc.o
    0x00001500   0x00000084   Code   RO          217    i.Flash_Read_Data   flash_prgrm.o
    0x00001584   0x00000094   Code   RO          218    i.Flash_Write_Data  flash_prgrm.o
    0x00001618   0x00000254   Code   RO          358    i.Flower_Bloom      normal_display.o
    0x0000186c   0x0000002e   Code   RO          972    i.GPIO_SetMode      gpio.o
    0x0000189a   0x00000002   PAD
    0x0000189c   0x0000007c   Code   RO          359    i.Green_Flash       normal_display.o
    0x00001918   0x00000028   Code   RO         1278    i.Hard_Fault_Handler  retarget.o
    0x00001940   0x00000248   Code   RO          360    i.Instead           normal_display.o
    0x00001b88   0x00000088   Code   RO            5    i.Key_Process       data_process.o
    0x00001c10   0x00000044   Code   RO          257    i.Key_Scan          key.o
    0x00001c54   0x000000b8   Code   RO          156    i.Led_Display       display_ctrl.o
    0x00001d0c   0x00000104   Code   RO          283    i.Led_Update        led_class.o
    0x00001e10   0x000000c8   Code   RO          311    i.MCU_Config        mcu_config.o
    0x00001ed8   0x00000140   Code   RO          361    i.Polar_Light       normal_display.o
    0x00002018   0x0000007c   Code   RO          362    i.Red_Flash         normal_display.o
    0x00002094   0x00000168   Code   RO          363    i.Ripple            normal_display.o
    0x000021fc   0x00000190   Code   RO          364    i.Roll              normal_display.o
    0x0000238c   0x0000001c   Code   RO          219    i.SYS_UnlockReg     flash_prgrm.o
    0x000023a8   0x0000001c   Code   RO          312    i.SYS_UnlockReg     mcu_config.o
    0x000023c4   0x000001b8   Code   RO          365    i.Sea_Wave          normal_display.o
    0x0000257c   0x00000020   Code   RO         1281    i.SendChar_ToUART   retarget.o
    0x0000259c   0x000000a8   Code   RO          462    i.Show_1            show_1.o
    0x00002644   0x0000015c   Code   RO          463    i.Show_1_0          show_1.o
    0x000027a0   0x000002e4   Code   RO          464    i.Show_1_1          show_1.o
    0x00002a84   0x00000194   Code   RO          465    i.Show_1_2          show_1.o
    0x00002c18   0x00000320   Code   RO          466    i.Show_1_3          show_1.o
    0x00002f38   0x000000bc   Code   RO          506    i.Show_2            show_2.o
    0x00002ff4   0x000002d0   Code   RO          507    i.Show_2_0          show_2.o
    0x000032c4   0x00000248   Code   RO          508    i.Show_2_1          show_2.o
    0x0000350c   0x00000368   Code   RO          509    i.Show_2_2          show_2.o
    0x00003874   0x0000043c   Code   RO          510    i.Show_2_3          show_2.o
    0x00003cb0   0x00000138   Code   RO          511    i.Show_2_4          show_2.o
    0x00003de8   0x000000bc   Code   RO          556    i.Show_3            show_3.o
    0x00003ea4   0x00000340   Code   RO          557    i.Show_3_0          show_3.o
    0x000041e4   0x00000594   Code   RO          558    i.Show_3_1          show_3.o
    0x00004778   0x00000164   Code   RO          559    i.Show_3_2          show_3.o
    0x000048dc   0x00000240   Code   RO          560    i.Show_3_3          show_3.o
    0x00004b1c   0x000002c0   Code   RO          561    i.Show_3_4          show_3.o
    0x00004ddc   0x000001c0   Code   RO          366    i.Sparkle           normal_display.o
    0x00004f9c   0x00000068   Code   RO          367    i.Steady            normal_display.o
    0x00005004   0x000000a0   Code   RO         1373    i.SystemCoreClockUpdate  system_mini58series.o
    0x000050a4   0x00000058   Code   RO         1082    i.TIMER_GetModuleClock  timer.o
    0x000050fc   0x00000050   Code   RO         1083    i.TIMER_Open        timer.o
    0x0000514c   0x00000038   Code   RO          635    i.UART0_IRQHandler  usart.o
    0x00005184   0x00000080   Code   RO         1145    i.UART_Open         uart.o
    0x00005204   0x00000016   Code   RO         1150    i.UART_SetTimeoutCnt  uart.o
    0x0000521a   0x00000002   PAD
    0x0000521c   0x000000e4   Code   RO            6    i.USART_Process     data_process.o
    0x00005300   0x00000020   Code   RO          636    i.Uart_Clear_Buf    usart.o
    0x00005320   0x0000007c   Code   RO            7    i.User_Data_Init    data_process.o
    0x0000539c   0x0000001a   Code   RO           45    i.__ARM_common_switch8  data_process.o
    0x000053b6   0x0000000e   Code   RO         1443    i._is_digit         c_p.l(__printf_wp.o)
    0x000053c4   0x00000006   Code   RO         1283    i.ferror            retarget.o
    0x000053ca   0x0000000c   Code   RO         1285    i.fputc             retarget.o
    0x000053d6   0x00000002   PAD
    0x000053d8   0x00000078   Code   RO          668    i.main              wifistring.o
    0x00005450   0x000000a8   Code   RO         1287    i.stackDump         retarget.o
    0x000054f8   0x00000036   Data   RO            8    .constdata          data_process.o
    0x0000552e   0x00000028   Data   RO         1416    .constdata          c_p.l(_printf_hex_int.o)
    0x00005556   0x00000002   PAD
    0x00005558   0x00000020   Data   RO         1650    Region$$Table       anon$$obj.o


    Execution Region RW_IRAM1 (Base: 0x20000000, Size: 0x000005b8, Max: 0x00001000, ABSOLUTE)

    Base Addr    Size         Type   Attr      Idx    E Section Name        Object

    0x20000000   0x00000003   Data   RW            9    .data               data_process.o
    0x20000003   0x00000001   Data   RW           10    .data               data_process.o
    0x20000004   0x00000006   Data   RW          163    .data               display_ctrl.o
    0x2000000a   0x00000001   Data   RW          164    .data               display_ctrl.o
    0x2000000b   0x00000001   Data   RW          165    .data               display_ctrl.o
    0x2000000c   0x00000001   Data   RW          166    .data               display_ctrl.o
    0x2000000d   0x00000001   Data   RW          167    .data               display_ctrl.o
    0x2000000e   0x00000001   Data   RW          168    .data               display_ctrl.o
    0x2000000f   0x00000001   Data   RW          169    .data               display_ctrl.o
    0x20000010   0x00000001   Data   RW          170    .data               display_ctrl.o
    0x20000011   0x00000001   Data   RW          171    .data               display_ctrl.o
    0x20000012   0x00000001   Data   RW          172    .data               display_ctrl.o
    0x20000013   0x00000001   Data   RW          173    .data               display_ctrl.o
    0x20000014   0x00000001   Data   RW          174    .data               display_ctrl.o
    0x20000015   0x00000001   Data   RW          175    .data               display_ctrl.o
    0x20000016   0x00000001   Data   RW          177    .data               display_ctrl.o
    0x20000017   0x00000001   Data   RW          178    .data               display_ctrl.o
    0x20000018   0x00000001   Data   RW          179    .data               display_ctrl.o
    0x20000019   0x00000001   Data   RW          180    .data               display_ctrl.o
    0x2000001a   0x00000001   Data   RW          183    .data               display_ctrl.o
    0x2000001b   0x00000001   Data   RW          184    .data               display_ctrl.o
    0x2000001c   0x00000002   Data   RW          185    .data               display_ctrl.o
    0x2000001e   0x00000001   Data   RW          186    .data               display_ctrl.o
    0x2000001f   0x00000001   Data   RW          220    .data               flash_prgrm.o
    0x20000020   0x00000003   Data   RW          258    .data               key.o
    0x20000023   0x00000001   Data   RW          313    .data               mcu_config.o
    0x20000024   0x0000000a   Data   RW          607    .data               timer_ctrl.o
    0x2000002e   0x00000001   Data   RW          638    .data               usart.o
    0x2000002f   0x00000001   PAD
    0x20000030   0x00000004   Data   RW         1288    .data               retarget.o
    0x20000034   0x00000004   Data   RW         1375    .data               system_mini58series.o
    0x20000038   0x0000000c   Data   RW         1376    .data               system_mini58series.o
    0x20000044   0x00000030   Zero   RW          157    .bss                display_ctrl.o
    0x20000074   0x00000032   Zero   RW          158    .bss                display_ctrl.o
    0x200000a6   0x00000032   Zero   RW          159    .bss                display_ctrl.o
    0x200000d8   0x00000032   Zero   RW          160    .bss                display_ctrl.o
    0x2000010a   0x00000032   Zero   RW          161    .bss                display_ctrl.o
    0x2000013c   0x00000032   Zero   RW          162    .bss                display_ctrl.o
    0x2000016e   0x000000f0   Zero   RW          284    .bss                led_class.o
    0x2000025e   0x0000000f   Zero   RW          637    .bss                usart.o
    0x2000026d   0x00000003   PAD
    0x20000270   0x000000e4   Zero   RW         1457    .bss                c_p.l(rand.o)
    0x20000354   0x00000060   Zero   RW         1580    .bss                c_p.l(libspace.o)
    0x200003b4   0x00000004   PAD
    0x200003b8   0x00000000   Zero   RW         1365    HEAP                startup_mini58series.o
    0x200003b8   0x00000200   Zero   RW         1364    STACK               startup_mini58series.o


==============================================================================

Image component sizes


      Code (inc. data)   RO Data    RW Data    ZI Data      Debug   Object Name

       780         88          0          0          0      10926   clk.o
      1838        120         54          4          0     133702   data_process.o
       184         14          0         27        298       2926   display_ctrl.o
       308         74          0          1          0       8893   flash_prgrm.o
       120         22          0          0          0     125984   fmc.o
        46          0          0          0          0       1043   gpio.o
        68          8          0          3          0       1007   key.o
       260         10          0          0        240       1788   led_class.o
       440         66          0          1          0      11853   mcu_config.o
      4484        610          0          0          0       9911   normal_display.o
       286        132          0          4          0       4847   retarget.o
      2460        286          0          0          0       4105   show_1.o
      3760        364          0          0          0       5528   show_2.o
      4084        442          0          0          0       6068   show_3.o
        44         18        192          0        512        632   startup_mini58series.o
       160         30          0         16          0       1261   system_mini58series.o
       168         24          0          0          0       1896   timer.o
       196         12          0         10          0       4001   timer_ctrl.o
       238         34          0          0          0       2565   uart.o
        88         18          0          1         15       2155   usart.o
       120         18          0          0          0       3075   wifistring.o

    ----------------------------------------------------------------------
     20138       2390        278         68       1068     344166   Object Totals
         0          0         32          0          0          0   (incl. Generated)
         6          0          0          1          3          0   (incl. Padding)

    ----------------------------------------------------------------------

      Code (inc. data)   RO Data    RW Data    ZI Data      Debug   Library Member Name

         8          0          0          0          0         68   __main.o
       284          0          0          0          0        136   __printf_wp.o
         0          0          0          0          0          0   __rtentry.o
        12          0          0          0          0          0   __rtentry2.o
         6          0          0          0          0          0   __rtentry4.o
        60          8          0          0          0          0   __scatter.o
        26          0          0          0          0          0   __scatter_copy.o
        28          0          0          0          0          0   __scatter_zi.o
        48          6          0          0          0         88   _printf_char_common.o
        40          6          0          0          0         72   _printf_char_file.o
        88          4         40          0          0         72   _printf_hex_int.o
       176          0          0          0          0         84   _printf_intcommon.o
         2          0          0          0          0          0   _printf_percent.o
         4          0          0          0          0          0   _printf_percent_end.o
        10          0          0          0          0          0   _printf_x.o
       346          0          0          0          0         92   aeabi_sdiv.o
        16          0          0          0          0         68   exit.o
         6          0          0          0          0        136   heapauxi.o
         0          0          0          0          0          0   indicate_semi.o
         2          0          0          0          0          0   libinit.o
         6          0          0          0          0          0   libinit2.o
         2          0          0          0          0          0   libshutdown.o
         2          0          0          0          0          0   libshutdown2.o
         8          4          0          0         96         68   libspace.o
        28          6          0          0          0         84   noretval__2printf.o
       116         16          0          0        228        156   rand.o
         2          0          0          0          0          0   rtexit.o
        10          0          0          0          0          0   rtexit2.o
        12          4          0          0          0         60   sys_exit.o
        62          0          0          0          0         80   sys_stackheap_outer.o
         2          0          0          0          0         68   use_no_semi.o

    ----------------------------------------------------------------------
      1422         54         42          0        328       1332   Library Totals
        10          0          2          0          4          0   (incl. Padding)

    ----------------------------------------------------------------------

      Code (inc. data)   RO Data    RW Data    ZI Data      Debug   Library Name

      1412         54         40          0        324       1332   c_p.l

    ----------------------------------------------------------------------
      1422         54         42          0        328       1332   Library Totals

    ----------------------------------------------------------------------

==============================================================================


      Code (inc. data)   RO Data    RW Data    ZI Data      Debug   

     21560       2444        320         68       1396     341818   Grand Totals
     21560       2444        320         68       1396     341818   ELF Image Totals
     21560       2444        320         68          0          0   ROM Totals

==============================================================================

    Total RO  Size (Code + RO Data)                21880 (  21.37kB)
    Total RW  Size (RW Data + ZI Data)              1464 (   1.43kB)
    Total ROM Size (Code + RO Data + RW Data)      21948 (  21.43kB)

==============================================================================

