<html>
<body>
<pre>
<h1>µVision Build Log</h1>
<h2>Tool Versions:</h2>
IDE-Version: ¦ÌVision V5.21.1.0
Copyright (C) 2016 ARM Ltd and ARM Germany GmbH. All rights reserved.
License Information: Chin Magic.Chin, Skywin, LIC=ATTNN-YI7FF-8SCYU-SYVN4-CGL99-NA7GP
 
Tool Versions:
Toolchain:       MDK-ARM Plus  Version: 5.21a
Toolchain Path:  C:\Keil\ARM\ARM\ARMCC\Bin
C Compiler:      Armcc.exe V5.06 update 3 (build 300)
Assembler:       Armasm.exe V5.06 update 3 (build 300)
Linker/Locator:  ArmLink.exe V5.06 update 3 (build 300)
Library Manager: ArmAr.exe V5.06 update 3 (build 300)
Hex Converter:   FromElf.exe V5.06 update 3 (build 300)
CPU DLL:         SARMCM3.DLL V5.21a
Dialog DLL:      DARMCM1.DLL V1.14.0.0
Target DLL:      Nu_Link.dll V2.02
Dialog DLL:      TARMCM1.DLL V1.10.0.0
 
<h2>Project:</h2>
H:\Willis\ShowLights\ShowHomeApp\WIFI-String\WifiString.uvprojx
Project File Date:  07/28/2018

<h2>Output:</h2>
*** Using Compiler 'V5.06 update 3 (build 300)', folder: 'C:\Keil\ARM\ARM\ARMCC\Bin'
Rebuild target 'WifiString'
compiling Flash_Prgrm.c...
compiling Display_Ctrl.c...
compiling Data_Process.c...
compiling Key.c...
compiling MCU_Config.c...
compiling Led_Class.c...
compiling Show_1.c...
compiling Normal_Display.c...
compiling Show_2.c...
compiling Timer_Ctrl.c...
compiling USART.c...
compiling Show_3.c...
compiling WifiString.c...
compiling clk.c...
compiling fmc.c...
compiling gpio.c...
compiling sys.c...
compiling uart.c...
compiling timer.c...
compiling wdt.c...
assembling startup_Mini58Series.s...
compiling retarget.c...
compiling system_Mini58Series.c...
linking...
Program Size: Code=21560 RO-data=320 RW-data=68 ZI-data=1396  
FromELF: creating hex file...
".\Output\WifiString.axf" - 0 Error(s), 0 Warning(s).

<h2>Software Packages used:</h2>

Package Vendor: ARM
                http://www.keil.com/pack/ARM.CMSIS.5.2.0.pack
                ARM::CMSIS:CORE:5.0.2
                CMSIS (Cortex Microcontroller Software Interface Standard)
   * Component: CORE Version: 5.0.2

Package Vendor: Nuvoton
                http://www.nuvoton.com/hq/enu/Documents/KEILSoftwarePack/Nuvoton.NuMicro_DFP.1.1.0.pack
                Nuvoton::Device:Startup:3.00.003
                Nuvoton ARM Cortex-M NuMicro Family Device Support
   * Component: Startup Version: 3.00.003
   * Component: CLK Version: 3.00.003
   * Component: FMC Version: 3.00.003
   * Component: GPIO Version: 3.00.003
   * Component: Timer Version: 3.00.003
   * Component: WDT Version: 3.00.003
   * Component: SYS Version: 3.00.003
   * Component: UART Version: 3.00.003

<h2>Collection of Component include folders:</h2>
  H:\Willis\ShowLights\ShowHomeApp\WIFI-String\RTE
  C:\Keil\ARM\PACK\ARM\CMSIS\5.2.0\CMSIS\Include
  C:\Keil\ARM\PACK\Nuvoton\NuMicro_DFP\1.1.0\Device\Mini58\Driver
  C:\Keil\ARM\PACK\Nuvoton\NuMicro_DFP\1.1.0\Device\Mini58\Include

<h2>Collection of Component Files used:</h2>

   * Component: ARM::CMSIS:CORE:5.0.2

   * Component: Nuvoton::Device:Startup:3.00.003
      Source file:   Device\Mini58\Source\system_Mini58Series.c
      Source file:   Device\Mini58\Source\ARM\startup_Mini58Series.s
      Include file:  Device\Mini58\Include\Mini58Series.h
      Source file:   Device\Mini58\Driver\retarget.c

   * Component: Nuvoton::Device:Driver:CLK:3.00.003
      Include file:  Device\Mini58\Driver\clk.h
      Source file:   Device\Mini58\Driver\clk.c

   * Component: Nuvoton::Device:Driver:FMC:3.00.003
      Include file:  Device\Mini58\Driver\fmc.h
      Source file:   Device\Mini58\Driver\fmc.c

   * Component: Nuvoton::Device:Driver:GPIO:3.00.003
      Include file:  Device\Mini58\Driver\gpio.h
      Source file:   Device\Mini58\Driver\gpio.c

   * Component: Nuvoton::Device:Driver:Timer:3.00.003
      Include file:  Device\Mini58\Driver\timer.h
      Source file:   Device\Mini58\Driver\timer.c

   * Component: Nuvoton::Device:Driver:WDT:3.00.003
      Include file:  Device\Mini58\Driver\wdt.h
      Source file:   Device\Mini58\Driver\wdt.c

   * Component: Nuvoton::Device:Driver:SYS:3.00.003
      Include file:  Device\Mini58\Driver\sys.h
      Source file:   Device\Mini58\Driver\sys.c

   * Component: Nuvoton::Device:Driver:UART:3.00.003
      Include file:  Device\Mini58\Driver\uart.h
      Source file:   Device\Mini58\Driver\uart.c
Build Time Elapsed:  00:00:17
</pre>
</body>
</html>
